Archive member included to satisfy reference by file (symbol)

C:/ST/STM32CubeIDE_1.15.0/STM32CubeIDE/plugins/com.st.stm32cube.ide.mcu.externaltools.gnu-tools-for-stm32.12.3.rel1.win32_1.0.100.202403111256/tools/bin/../lib/gcc/arm-none-eabi/12.3.1/../../../../arm-none-eabi/lib/thumb/v7e-m+fp/hard\libc_nano.a(libc_a-exit.o)
                              C:/ST/STM32CubeIDE_1.15.0/STM32CubeIDE/plugins/com.st.stm32cube.ide.mcu.externaltools.gnu-tools-for-stm32.12.3.rel1.win32_1.0.100.202403111256/tools/bin/../lib/gcc/arm-none-eabi/12.3.1/../../../../arm-none-eabi/lib/thumb/v7e-m+fp/hard/crt0.o (exit)
C:/ST/STM32CubeIDE_1.15.0/STM32CubeIDE/plugins/com.st.stm32cube.ide.mcu.externaltools.gnu-tools-for-stm32.12.3.rel1.win32_1.0.100.202403111256/tools/bin/../lib/gcc/arm-none-eabi/12.3.1/../../../../arm-none-eabi/lib/thumb/v7e-m+fp/hard\libc_nano.a(libc_a-findfp.o)
                              C:/ST/STM32CubeIDE_1.15.0/STM32CubeIDE/plugins/com.st.stm32cube.ide.mcu.externaltools.gnu-tools-for-stm32.12.3.rel1.win32_1.0.100.202403111256/tools/bin/../lib/gcc/arm-none-eabi/12.3.1/../../../../arm-none-eabi/lib/thumb/v7e-m+fp/hard\libc_nano.a(libc_a-exit.o) (__stdio_exit_handler)
C:/ST/STM32CubeIDE_1.15.0/STM32CubeIDE/plugins/com.st.stm32cube.ide.mcu.externaltools.gnu-tools-for-stm32.12.3.rel1.win32_1.0.100.202403111256/tools/bin/../lib/gcc/arm-none-eabi/12.3.1/../../../../arm-none-eabi/lib/thumb/v7e-m+fp/hard\libc_nano.a(libc_a-fwalk.o)
                              C:/ST/STM32CubeIDE_1.15.0/STM32CubeIDE/plugins/com.st.stm32cube.ide.mcu.externaltools.gnu-tools-for-stm32.12.3.rel1.win32_1.0.100.202403111256/tools/bin/../lib/gcc/arm-none-eabi/12.3.1/../../../../arm-none-eabi/lib/thumb/v7e-m+fp/hard\libc_nano.a(libc_a-findfp.o) (_fwalk_sglue)
C:/ST/STM32CubeIDE_1.15.0/STM32CubeIDE/plugins/com.st.stm32cube.ide.mcu.externaltools.gnu-tools-for-stm32.12.3.rel1.win32_1.0.100.202403111256/tools/bin/../lib/gcc/arm-none-eabi/12.3.1/../../../../arm-none-eabi/lib/thumb/v7e-m+fp/hard\libc_nano.a(libc_a-stdio.o)
                              C:/ST/STM32CubeIDE_1.15.0/STM32CubeIDE/plugins/com.st.stm32cube.ide.mcu.externaltools.gnu-tools-for-stm32.12.3.rel1.win32_1.0.100.202403111256/tools/bin/../lib/gcc/arm-none-eabi/12.3.1/../../../../arm-none-eabi/lib/thumb/v7e-m+fp/hard\libc_nano.a(libc_a-findfp.o) (__sread)
C:/ST/STM32CubeIDE_1.15.0/STM32CubeIDE/plugins/com.st.stm32cube.ide.mcu.externaltools.gnu-tools-for-stm32.12.3.rel1.win32_1.0.100.202403111256/tools/bin/../lib/gcc/arm-none-eabi/12.3.1/../../../../arm-none-eabi/lib/thumb/v7e-m+fp/hard\libc_nano.a(libc_a-memset.o)
                              C:/ST/STM32CubeIDE_1.15.0/STM32CubeIDE/plugins/com.st.stm32cube.ide.mcu.externaltools.gnu-tools-for-stm32.12.3.rel1.win32_1.0.100.202403111256/tools/bin/../lib/gcc/arm-none-eabi/12.3.1/../../../../arm-none-eabi/lib/thumb/v7e-m+fp/hard/crt0.o (memset)
C:/ST/STM32CubeIDE_1.15.0/STM32CubeIDE/plugins/com.st.stm32cube.ide.mcu.externaltools.gnu-tools-for-stm32.12.3.rel1.win32_1.0.100.202403111256/tools/bin/../lib/gcc/arm-none-eabi/12.3.1/../../../../arm-none-eabi/lib/thumb/v7e-m+fp/hard\libc_nano.a(libc_a-closer.o)
                              C:/ST/STM32CubeIDE_1.15.0/STM32CubeIDE/plugins/com.st.stm32cube.ide.mcu.externaltools.gnu-tools-for-stm32.12.3.rel1.win32_1.0.100.202403111256/tools/bin/../lib/gcc/arm-none-eabi/12.3.1/../../../../arm-none-eabi/lib/thumb/v7e-m+fp/hard\libc_nano.a(libc_a-stdio.o) (_close_r)
C:/ST/STM32CubeIDE_1.15.0/STM32CubeIDE/plugins/com.st.stm32cube.ide.mcu.externaltools.gnu-tools-for-stm32.12.3.rel1.win32_1.0.100.202403111256/tools/bin/../lib/gcc/arm-none-eabi/12.3.1/../../../../arm-none-eabi/lib/thumb/v7e-m+fp/hard\libc_nano.a(libc_a-reent.o)
                              C:/ST/STM32CubeIDE_1.15.0/STM32CubeIDE/plugins/com.st.stm32cube.ide.mcu.externaltools.gnu-tools-for-stm32.12.3.rel1.win32_1.0.100.202403111256/tools/bin/../lib/gcc/arm-none-eabi/12.3.1/../../../../arm-none-eabi/lib/thumb/v7e-m+fp/hard\libc_nano.a(libc_a-closer.o) (errno)
C:/ST/STM32CubeIDE_1.15.0/STM32CubeIDE/plugins/com.st.stm32cube.ide.mcu.externaltools.gnu-tools-for-stm32.12.3.rel1.win32_1.0.100.202403111256/tools/bin/../lib/gcc/arm-none-eabi/12.3.1/../../../../arm-none-eabi/lib/thumb/v7e-m+fp/hard\libc_nano.a(libc_a-impure.o)
                              C:/ST/STM32CubeIDE_1.15.0/STM32CubeIDE/plugins/com.st.stm32cube.ide.mcu.externaltools.gnu-tools-for-stm32.12.3.rel1.win32_1.0.100.202403111256/tools/bin/../lib/gcc/arm-none-eabi/12.3.1/../../../../arm-none-eabi/lib/thumb/v7e-m+fp/hard\libc_nano.a(libc_a-reent.o) (_impure_ptr)
C:/ST/STM32CubeIDE_1.15.0/STM32CubeIDE/plugins/com.st.stm32cube.ide.mcu.externaltools.gnu-tools-for-stm32.12.3.rel1.win32_1.0.100.202403111256/tools/bin/../lib/gcc/arm-none-eabi/12.3.1/../../../../arm-none-eabi/lib/thumb/v7e-m+fp/hard\libc_nano.a(libc_a-lseekr.o)
[...]
Memory Configuration

Name             Origin             Length             Attributes
RAM              0x20000000         0x00008000         xrw
FLASH            0x08000000         0x00020000         xr
*default*        0x00000000         0xffffffff

Linker script and memory map

LOAD C:/ST/STM32CubeIDE_1.15.0/STM32CubeIDE/plugins/com.st.stm32cube.ide.mcu.externaltools.gnu-tools-for-stm32.12.3.rel1.win32_1.0.100.202403111256/tools/bin/../lib/gcc/arm-none-eabi/12.3.1/thumb/v7e-m+fp/hard/crti.o
LOAD C:/ST/STM32CubeIDE_1.15.0/STM32CubeIDE/plugins/com.st.stm32cube.ide.mcu.externaltools.gnu-tools-for-stm32.12.3.rel1.win32_1.0.100.202403111256/tools/bin/../lib/gcc/arm-none-eabi/12.3.1/thumb/v7e-m+fp/hard/crtbegin.o
LOAD C:/ST/STM32CubeIDE_1.15.0/STM32CubeIDE/plugins/com.st.stm32cube.ide.mcu.externaltools.gnu-tools-for-stm32.12.3.rel1.win32_1.0.100.202403111256/tools/bin/../lib/gcc/arm-none-eabi/12.3.1/../../../../arm-none-eabi/lib/thumb/v7e-m+fp/hard/crt0.o
LOAD ./Core/Src/24x256.o
LOAD ./Core/Src/defines.o
LOAD ./Core/Src/display.o
LOAD ./Core/Src/main.o
LOAD ./Core/Src/stm32f4xx_hal_msp.o
LOAD ./Core/Src/stm32f4xx_it.o
LOAD ./Core/Src/syscalls.o
LOAD ./Core/Src/sysmem.o
LOAD ./Core/Src/system_stm32f4xx.o
LOAD ./Core/Src/timer.o
LOAD ./Core/Startup/startup_stm32f410rbtx.o
LOAD ./Drivers/STM32F4xx_HAL_Driver/Src/stm32f4xx_hal.o
LOAD ./Drivers/STM32F4xx_HAL_Driver/Src/stm32f4xx_hal_cortex.o
LOAD ./Drivers/STM32F4xx_HAL_Driver/Src/stm32f4xx_hal_dma.o
LOAD ./Drivers/STM32F4xx_HAL_Driver/Src/stm32f4xx_hal_dma_ex.o
LOAD ./Drivers/STM32F4xx_HAL_Driver/Src/stm32f4xx_hal_exti.o
LOAD ./Drivers/STM32F4xx_HAL_Driver/Src/stm32f4xx_hal_flash.o
LOAD ./Drivers/STM32F4xx_HAL_Driver/Src/stm32f4xx_hal_flash_ex.o
LOAD ./Drivers/STM32F4xx_HAL_Driver/Src/stm32f4xx_hal_flash_ramfunc.o
LOAD ./Drivers/STM32F4xx_HAL_Driver/Src/stm32f4xx_hal_gpio.o
LOAD ./Drivers/STM32F4xx_HAL_Driver/Src/stm32f4xx_hal_i2c.o
LOAD ./Drivers/STM32F4xx_HAL_Driver/Src/stm32f4xx_hal_i2c_ex.o
LOAD ./Drivers/STM32F4xx_HAL_Driver/Src/stm32f4xx_hal_pwr.o
LOAD ./Drivers/STM32F4xx_HAL_Driver/Src/stm32f4xx_hal_pwr_ex.o
LOAD ./Drivers/STM32F4xx_HAL_Driver/Src/stm32f4xx_hal_rcc.o
LOAD ./Drivers/STM32F4xx_HAL_Driver/Src/stm32f4xx_hal_rcc_ex.o
LOAD ./Drivers/STM32F4xx_HAL_Driver/Src/stm32f4xx_hal_tim.o
LOAD ./Drivers/STM32F4xx_HAL_Driver/Src/stm32f4xx_hal_tim_ex.o
START GROUP
LOAD C:/ST/STM32CubeIDE_1.15.0/STM32CubeIDE/plugins/com.st.stm32cube.ide.mcu.externaltools.gnu-tools-for-stm32.12.3.rel1.win32_1.0.100.202403111256/tools/bin/../lib/gcc/arm-none-eabi/12.3.1/../../../../arm-none-eabi/lib/thumb/v7e-m+fp/hard\libc_nano.a
LOAD C:/ST/STM32CubeIDE_1.15.0/STM32CubeIDE/plugins/com.st.stm32cube.ide.mcu.externaltools.gnu-tools-for-stm32.12.3.rel1.win32_1.0.100.202403111256/tools/bin/../lib/gcc/arm-none-eabi/12.3.1/../../../../arm-none-eabi/lib/thumb/v7e-m+fp/hard\libm.a
END GROUP
START GROUP
LOAD C:/ST/STM32CubeIDE_1.15.0/STM32CubeIDE/plugins/com.st.stm32cube.ide.mcu.externaltools.gnu-tools-for-stm32.12.3.rel1.win32_1.0.100.202403111256/tools/bin/../lib/gcc/arm-none-eabi/12.3.1/thumb/v7e-m+fp/hard\libgcc.a
LOAD C:/ST/STM32CubeIDE_1.15.0/STM32CubeIDE/plugins/com.st.stm32cube.ide.mcu.externaltools.gnu-tools-for-stm32.12.3.rel1.win32_1.0.100.202403111256/tools/bin/../lib/gcc/arm-none-eabi/12.3.1/../../../../arm-none-eabi/lib/thumb/v7e-m+fp/hard\libc_nano.a
END GROUP
START GROUP
LOAD C:/ST/STM32CubeIDE_1.15.0/STM32CubeIDE/plugins/com.st.stm32cube.ide.mcu.externaltools.gnu-tools-for-stm32.12.3.rel1.win32_1.0.100.202403111256/tools/bin/../lib/gcc/arm-none-eabi/12.3.1/thumb/v7e-m+fp/hard\libgcc.a
LOAD C:/ST/STM32CubeIDE_1.15.0/STM32CubeIDE/plugins/com.st.stm32cube.ide.mcu.externaltools.gnu-tools-for-stm32.12.3.rel1.win32_1.0.100.202403111256/tools/bin/../lib/gcc/arm-none-eabi/12.3.1/../../../../arm-none-eabi/lib/thumb/v7e-m+fp/hard\libc_nano.a
LOAD C:/ST/STM32CubeIDE_1.15.0/STM32CubeIDE/plugins/com.st.stm32cube.ide.mcu.externaltools.gnu-tools-for-stm32.12.3.rel1.win32_1.0.100.202403111256/tools/bin/../lib/gcc/arm-none-eabi/12.3.1/../../../../arm-none-eabi/lib/thumb/v7e-m+fp/hard\libnosys.a
END GROUP
START GROUP
LOAD C:/ST/STM32CubeIDE_1.15.0/STM32CubeIDE/plugins/com.st.stm32cube.ide.mcu.externaltools.gnu-tools-for-stm32.12.3.rel1.win32_1.0.100.202403111256/tools/bin/../lib/gcc/arm-none-eabi/12.3.1/thumb/v7e-m+fp/hard\libgcc.a
LOAD C:/ST/STM32CubeIDE_1.15.0/STM32CubeIDE/plugins/com.st.stm32cube.ide.mcu.externaltools.gnu-tools-for-stm32.12.3.rel1.win32_1.0.100.202403111256/tools/bin/../lib/gcc/arm-none-eabi/12.3.1/../../../../arm-none-eabi/lib/thumb/v7e-m+fp/hard\libc_nano.a
LOAD C:/ST/STM32CubeIDE_1.15.0/STM32CubeIDE/plugins/com.st.stm32cube.ide.mcu.externaltools.gnu-tools-for-stm32.12.3.rel1.win32_1.0.100.202403111256/tools/bin/../lib/gcc/arm-none-eabi/12.3.1/../../../../arm-none-eabi/lib/thumb/v7e-m+fp/hard\libnosys.a
END GROUP
LOAD C:/ST/STM32CubeIDE_1.15.0/STM32CubeIDE/plugins/com.st.stm32cube.ide.mcu.externaltools.gnu-tools-for-stm32.12.3.rel1.win32_1.0.100.202403111256/tools/bin/../lib/gcc/arm-none-eabi/12.3.1/thumb/v7e-m+fp/hard/crtend.o
LOAD C:/ST/STM32CubeIDE_1.15.0/STM32CubeIDE/plugins/com.st.stm32cube.ide.mcu.externaltools.gnu-tools-for-stm32.12.3.rel1.win32_1.0.100.202403111256/tools/bin/../lib/gcc/arm-none-eabi/12.3.1/thumb/v7e-m+fp/hard/crtn.o
                0x20008000                        _estack = (ORIGIN (RAM) + LENGTH (RAM))
                0x00000200                        _Min_Heap_Size = 0x200
                0x00000400                        _Min_Stack_Size = 0x400

.isr_vector     0x08000000      0x1c8
                0x08000000                        . = ALIGN (0x4)
 *(.isr_vector)
 .isr_vector    0x08000000      0x1c8 ./Core/Startup/startup_stm32f410rbtx.o
                0x08000000                g_pfnVectors
                0x080001c8                        . = ALIGN (0x4)

.text           0x080001c8     0x22c4
                0x080001c8                        . = ALIGN (0x4)
 *(.text)
 .text          0x080001c8       0x40 C:/ST/STM32CubeIDE_1.15.0/STM32CubeIDE/plugins/com.st.stm32cube.ide.mcu.externaltools.gnu-tools-for-stm32.12.3.rel1.win32_1.0.100.202403111256/tools/bin/../lib/gcc/arm-none-eabi/12.3.1/thumb/v7e-m+fp/hard/crtbegin.o
 .text          0x08000208       0x30 C:/ST/STM32CubeIDE_1.15.0/STM32CubeIDE/plugins/com.st.stm32cube.ide.mcu.externaltools.gnu-tools-for-stm32.12.3.rel1.win32_1.0.100.202403111256/tools/bin/../lib/gcc/arm-none-eabi/12.3.1/thumb/v7e-m+fp/hard\libgcc.a(_aeabi_uldivmod.o)
                0x08000208                __aeabi_uldivmod
 .text          0x08000238      0x2bc C:/ST/STM32CubeIDE_1.15.0/STM32CubeIDE/plugins/com.st.stm32cube.ide.mcu.externaltools.gnu-tools-for-stm32.12.3.rel1.win32_1.0.100.202403111256/tools/bin/../lib/gcc/arm-none-eabi/12.3.1/thumb/v7e-m+fp/hard\libgcc.a(_udivmoddi4.o)
                0x08000238                __udivmoddi4
 .text          0x080004f4        0x4 C:/ST/STM32CubeIDE_1.15.0/STM32CubeIDE/plugins/com.st.stm32cube.ide.mcu.externaltools.gnu-tools-for-stm32.12.3.rel1.win32_1.0.100.202403111256/tools/bin/../lib/gcc/arm-none-eabi/12.3.1/thumb/v7e-m+fp/hard\libgcc.a(_dvmd_tls.o)
                0x080004f4                __aeabi_idiv0
                0x080004f4                __aeabi_ldiv0
 *(.text*)
 .text.escreve_segmentos
                0x080004f8       0xc4 ./Core/Src/display.o
                0x080004f8                escreve_segmentos
 .text.display_atualiza
                0x080005bc      0x108 ./Core/Src/display.o
                0x080005bc                display_atualiza
 .text.display_scan
                0x080006c4      0x15c ./Core/Src/display.o
                0x080006c4                display_scan
 .text.desliga_displays
                0x08000820       0x94 ./Core/Src/display.o
                0x08000820                desliga_displays
 .text.main     0x080008b4       0x1a ./Core/Src/main.o
                0x080008b4                main
 *fill*         0x080008ce        0x2 
 .text.SystemClock_Config
                0x080008d0       0xbc ./Core/Src/main.o
                0x080008d0                SystemClock_Config
 .text.MX_I2C1_Init
                0x0800098c       0x5c ./Core/Src/main.o
 .text.MX_GPIO_Init
                0x080009e8      0x12c ./Core/Src/main.o
 .text.modo_operacao
                0x08000b14       0x88 ./Core/Src/main.o
                0x08000b14                modo_operacao
 .text.contagem
                0x08000b9c       0x78 ./Core/Src/main.o
                0x08000b9c                contagem
 .text.modo_setpoint
                0x08000c14       0x78 ./Core/Src/main.o
                0x08000c14                modo_setpoint
 .text.modo_setpoint_obrigatorio
                0x08000c8c       0x78 ./Core/Src/main.o
                0x08000c8c                modo_setpoint_obrigatorio
 .text.btn_relogio_processado
                0x08000d04       0xa4 ./Core/Src/main.o
                0x08000d04                btn_relogio_processado
 .text.btn_max_processado
                0x08000da8       0x40 ./Core/Src/main.o
                0x08000da8                btn_max_processado
 .text.btn_min_processado
                0x08000de8       0x40 ./Core/Src/main.o
                0x08000de8                btn_min_processado
 .text.Error_Handler
                0x08000e28        0xc ./Core/Src/main.o
                0x08000e28                Error_Handler
 .text.HAL_MspInit
                0x08000e34       0x50 ./Core/Src/stm32f4xx_hal_msp.o
                0x08000e34                HAL_MspInit
 .text.HAL_I2C_MspInit
                0x08000e84       0x90 ./Core/Src/stm32f4xx_hal_msp.o
                0x08000e84                HAL_I2C_MspInit
 .text.NMI_Handler
                0x08000f14        0x8 ./Core/Src/stm32f4xx_it.o
                0x08000f14                NMI_Handler
 .text.HardFault_Handler
                0x08000f1c        0x8 ./Core/Src/stm32f4xx_it.o
                0x08000f1c                HardFault_Handler
 .text.MemManage_Handler
                0x08000f24        0x8 ./Core/Src/stm32f4xx_it.o
                0x08000f24                MemManage_Handler
 .text.BusFault_Handler
                0x08000f2c        0x8 ./Core/Src/stm32f4xx_it.o
                0x08000f2c                BusFault_Handler
 .text.UsageFault_Handler
                0x08000f34        0x8 ./Core/Src/stm32f4xx_it.o
                0x08000f34                UsageFault_Handler
 .text.SVC_Handler
                0x08000f3c        0xe ./Core/Src/stm32f4xx_it.o
                0x08000f3c                SVC_Handler
 .text.DebugMon_Handler
                0x08000f4a        0xe ./Core/Src/stm32f4xx_it.o
                0x08000f4a                DebugMon_Handler
 .text.PendSV_Handler
                0x08000f58        0xe ./Core/Src/stm32f4xx_it.o
                0x08000f58                PendSV_Handler
 .text.SysTick_Handler
                0x08000f66       0x10 ./Core/Src/stm32f4xx_it.o
                0x08000f66                SysTick_Handler
 *fill*         0x08000f76        0x2 
 .text.SystemInit
                0x08000f78       0x24 ./Core/Src/system_stm32f4xx.o
                0x08000f78                SystemInit
 .text.mainIsr  0x08000f9c      0x120 ./Core/Src/timer.o
                0x08000f9c                mainIsr
 .text.tmr_3ms  0x080010bc       0x2c ./Core/Src/timer.o
                0x080010bc                tmr_3ms
 .text.tmr_5ms  0x080010e8       0x18 ./Core/Src/timer.o
                0x080010e8                tmr_5ms
 .text.tmr_10ms
                0x08001100       0x18 ./Core/Src/timer.o
                0x08001100                tmr_10ms
 .text.tmr_50ms
                0x08001118        0xe ./Core/Src/timer.o
                0x08001118                tmr_50ms
 *fill*         0x08001126        0x2 
 .text.tmr_100ms
                0x08001128       0x18 ./Core/Src/timer.o
                0x08001128                tmr_100ms
 .text.tmr_500ms
                0x08001140       0x18 ./Core/Src/timer.o
                0x08001140                tmr_500ms
 .text.tmr_1000ms
                0x08001158       0x20 ./Core/Src/timer.o
                0x08001158                tmr_1000ms
 .text.debounce_btns
                0x08001178       0xd8 ./Core/Src/timer.o
                0x08001178                debounce_btns
 .text.debounce_entradas_digitais
                0x08001250       0x54 ./Core/Src/timer.o
                0x08001250                debounce_entradas_digitais
 .text.Reset_Handler
                0x080012a4       0x50 ./Core/Startup/startup_stm32f410rbtx.o
                0x080012a4                Reset_Handler
 .text.Default_Handler
                0x080012f4        0x2 ./Core/Startup/startup_stm32f410rbtx.o
                0x080012f4                RTC_Alarm_IRQHandler
                0x080012f4                EXTI2_IRQHandler
                0x080012f4                FMPI2C1_EV_IRQHandler
                0x080012f4                TIM1_CC_IRQHandler
                0x080012f4                DMA2_Stream5_IRQHandler
                0x080012f4                DMA1_Stream5_IRQHandler
                0x080012f4                PVD_IRQHandler
                0x080012f4                TAMP_STAMP_IRQHandler
                0x080012f4                EXTI3_IRQHandler
                0x080012f4                EXTI0_IRQHandler
                0x080012f4                I2C2_EV_IRQHandler
                0x080012f4                DMA1_Stream2_IRQHandler
                0x080012f4                FPU_IRQHandler
                0x080012f4                DMA2_Stream2_IRQHandler
                0x080012f4                SPI1_IRQHandler
                0x080012f4                TIM6_DAC_IRQHandler
                0x080012f4                TIM1_BRK_TIM9_IRQHandler
                0x080012f4                DMA2_Stream3_IRQHandler
                0x080012f4                USART6_IRQHandler
                0x080012f4                DMA2_Stream0_IRQHandler
                0x080012f4                I2C1_EV_IRQHandler
                0x080012f4                DMA1_Stream6_IRQHandler
                0x080012f4                DMA1_Stream1_IRQHandler
                0x080012f4                RCC_IRQHandler
                0x080012f4                Default_Handler
                0x080012f4                EXTI15_10_IRQHandler
                0x080012f4                ADC_IRQHandler
                0x080012f4                DMA1_Stream7_IRQHandler
                0x080012f4                SPI5_IRQHandler
                0x080012f4                TIM5_IRQHandler
                0x080012f4                DMA2_Stream7_IRQHandler
                0x080012f4                EXTI9_5_IRQHandler
                0x080012f4                RTC_WKUP_IRQHandler
                0x080012f4                SPI2_IRQHandler
                0x080012f4                DMA1_Stream0_IRQHandler
                0x080012f4                FMPI2C1_ER_IRQHandler
                0x080012f4                EXTI4_IRQHandler
                0x080012f4                RNG_IRQHandler
                0x080012f4                TIM1_UP_IRQHandler
                0x080012f4                WWDG_IRQHandler
                0x080012f4                TIM1_TRG_COM_TIM11_IRQHandler
                0x080012f4                EXTI1_IRQHandler
                0x080012f4                USART2_IRQHandler
                0x080012f4                I2C2_ER_IRQHandler
                0x080012f4                DMA2_Stream1_IRQHandler
                0x080012f4                FLASH_IRQHandler
                0x080012f4                DMA2_Stream4_IRQHandler
                0x080012f4                USART1_IRQHandler
                0x080012f4                DMA1_Stream4_IRQHandler
                0x080012f4                I2C1_ER_IRQHandler
                0x080012f4                LPTIM1_IRQHandler
                0x080012f4                DMA2_Stream6_IRQHandler
                0x080012f4                DMA1_Stream3_IRQHandler
 *fill*         0x080012f6        0x2 
 .text.HAL_Init
                0x080012f8       0x44 ./Drivers/STM32F4xx_HAL_Driver/Src/stm32f4xx_hal.o
                0x080012f8                HAL_Init
 .text.HAL_InitTick
                0x0800133c       0x60 ./Drivers/STM32F4xx_HAL_Driver/Src/stm32f4xx_hal.o
                0x0800133c                HAL_InitTick
 .text.HAL_IncTick
                0x0800139c       0x28 ./Drivers/STM32F4xx_HAL_Driver/Src/stm32f4xx_hal.o
                0x0800139c                HAL_IncTick
 .text.HAL_GetTick
                0x080013c4       0x18 ./Drivers/STM32F4xx_HAL_Driver/Src/stm32f4xx_hal.o
                0x080013c4                HAL_GetTick
 .text.__NVIC_SetPriorityGrouping
                0x080013dc       0x48 ./Drivers/STM32F4xx_HAL_Driver/Src/stm32f4xx_hal_cortex.o
 .text.__NVIC_GetPriorityGrouping
                0x08001424       0x1c ./Drivers/STM32F4xx_HAL_Driver/Src/stm32f4xx_hal_cortex.o
 .text.__NVIC_SetPriority
                0x08001440       0x54 ./Drivers/STM32F4xx_HAL_Driver/Src/stm32f4xx_hal_cortex.o
 .text.NVIC_EncodePriority
                0x08001494       0x66 ./Drivers/STM32F4xx_HAL_Driver/Src/stm32f4xx_hal_cortex.o
 *fill*         0x080014fa        0x2 
 .text.SysTick_Config
                0x080014fc       0x44 ./Drivers/STM32F4xx_HAL_Driver/Src/stm32f4xx_hal_cortex.o
 .text.HAL_NVIC_SetPriorityGrouping
                0x08001540       0x16 ./Drivers/STM32F4xx_HAL_Driver/Src/stm32f4xx_hal_cortex.o
                0x08001540                HAL_NVIC_SetPriorityGrouping
 .text.HAL_NVIC_SetPriority
                0x08001556       0x38 ./Drivers/STM32F4xx_HAL_Driver/Src/stm32f4xx_hal_cortex.o
                0x08001556                HAL_NVIC_SetPriority
 .text.HAL_SYSTICK_Config
                0x0800158e       0x18 ./Drivers/STM32F4xx_HAL_Driver/Src/stm32f4xx_hal_cortex.o
                0x0800158e                HAL_SYSTICK_Config
 *fill*         0x080015a6        0x2 
 .text.HAL_GPIO_Init
                0x080015a8      0x2e8 ./Drivers/STM32F4xx_HAL_Driver/Src/stm32f4xx_hal_gpio.o
                0x080015a8                HAL_GPIO_Init
 .text.HAL_GPIO_ReadPin
                0x08001890       0x30 ./Drivers/STM32F4xx_HAL_Driver/Src/stm32f4xx_hal_gpio.o
                0x08001890                HAL_GPIO_ReadPin
 .text.HAL_GPIO_WritePin
                0x080018c0       0x32 ./Drivers/STM32F4xx_HAL_Driver/Src/stm32f4xx_hal_gpio.o
                0x080018c0                HAL_GPIO_WritePin
 *fill*         0x080018f2        0x2 
 .text.HAL_I2C_Init
                0x080018f4      0x288 ./Drivers/STM32F4xx_HAL_Driver/Src/stm32f4xx_hal_i2c.o
                0x080018f4                HAL_I2C_Init
 .text.HAL_RCC_ClockConfig
                0x08001b7c      0x1cc ./Drivers/STM32F4xx_HAL_Driver/Src/stm32f4xx_hal_rcc.o
                0x08001b7c                HAL_RCC_ClockConfig
 .text.HAL_RCC_GetSysClockFreq
                0x08001d48      0x18c ./Drivers/STM32F4xx_HAL_Driver/Src/stm32f4xx_hal_rcc.o
                0x08001d48                HAL_RCC_GetSysClockFreq
 .text.HAL_RCC_GetHCLKFreq
                0x08001ed4       0x18 ./Drivers/STM32F4xx_HAL_Driver/Src/stm32f4xx_hal_rcc.o
                0x08001ed4                HAL_RCC_GetHCLKFreq
 .text.HAL_RCC_GetPCLK1Freq
                0x08001eec       0x28 ./Drivers/STM32F4xx_HAL_Driver/Src/stm32f4xx_hal_rcc.o
                0x08001eec                HAL_RCC_GetPCLK1Freq
 .text.HAL_RCC_OscConfig
                0x08001f14      0x508 ./Drivers/STM32F4xx_HAL_Driver/Src/stm32f4xx_hal_rcc_ex.o
                0x08001f14                HAL_RCC_OscConfig
 .text.memset   0x0800241c       0x10 C:/ST/STM32CubeIDE_1.15.0/STM32CubeIDE/plugins/com.st.stm32cube.ide.mcu.externaltools.gnu-tools-for-stm32.12.3.rel1.win32_1.0.100.202403111256/tools/bin/../lib/gcc/arm-none-eabi/12.3.1/../../../../arm-none-eabi/lib/thumb/v7e-m+fp/hard\libc_nano.a(libc_a-memset.o)
                0x0800241c                memset
 .text.__libc_init_array
                0x0800242c       0x48 C:/ST/STM32CubeIDE_1.15.0/STM32CubeIDE/plugins/com.st.stm32cube.ide.mcu.externaltools.gnu-tools-for-stm32.12.3.rel1.win32_1.0.100.202403111256/tools/bin/../lib/gcc/arm-none-eabi/12.3.1/../../../../arm-none-eabi/lib/thumb/v7e-m+fp/hard\libc_nano.a(libc_a-init.o)
                0x0800242c                __libc_init_array
 *(.glue_7)
 .glue_7        0x08002474        0x0 linker stubs
 *(.glue_7t)
 .glue_7t       0x08002474        0x0 linker stubs
 *(.eh_frame)
 .eh_frame      0x08002474        0x0 C:/ST/STM32CubeIDE_1.15.0/STM32CubeIDE/plugins/com.st.stm32cube.ide.mcu.externaltools.gnu-tools-for-stm32.12.3.rel1.win32_1.0.100.202403111256/tools/bin/../lib/gcc/arm-none-eabi/12.3.1/thumb/v7e-m+fp/hard/crtbegin.o
 *(.init)
 .init          0x08002474        0x4 C:/ST/STM32CubeIDE_1.15.0/STM32CubeIDE/plugins/com.st.stm32cube.ide.mcu.externaltools.gnu-tools-for-stm32.12.3.rel1.win32_1.0.100.202403111256/tools/bin/../lib/gcc/arm-none-eabi/12.3.1/thumb/v7e-m+fp/hard/crti.o
                0x08002474                _init
 .init          0x08002478        0x8 C:/ST/STM32CubeIDE_1.15.0/STM32CubeIDE/plugins/com.st.stm32cube.ide.mcu.externaltools.gnu-tools-for-stm32.12.3.rel1.win32_1.0.100.202403111256/tools/bin/../lib/gcc/arm-none-eabi/12.3.1/thumb/v7e-m+fp/hard/crtn.o
 *(.fini)
 .fini          0x08002480        0x4 C:/ST/STM32CubeIDE_1.15.0/STM32CubeIDE/plugins/com.st.stm32cube.ide.mcu.externaltools.gnu-tools-for-stm32.12.3.rel1.win32_1.0.100.202403111256/tools/bin/../lib/gcc/arm-none-eabi/12.3.1/thumb/v7e-m+fp/hard/crti.o
                0x08002480                _fini
 .fini          0x08002484        0x8 C:/ST/STM32CubeIDE_1.15.0/STM32CubeIDE/plugins/com.st.stm32cube.ide.mcu.externaltools.gnu-tools-for-stm32.12.3.rel1.win32_1.0.100.202403111256/tools/bin/../lib/gcc/arm-none-eabi/12.3.1/thumb/v7e-m+fp/hard/crtn.o
                0x0800248c                        . = ALIGN (0x4)
                0x0800248c                        _etext = .

.vfp11_veneer   0x0800248c        0x0
 .vfp11_veneer  0x0800248c        0x0 linker stubs

.v4_bx          0x0800248c        0x0
 .v4_bx         0x0800248c        0x0 linker stubs

.iplt           0x0800248c        0x0
 .iplt          0x0800248c        0x0 C:/ST/STM32CubeIDE_1.15.0/STM32CubeIDE/plugins/com.st.stm32cube.ide.mcu.externaltools.gnu-tools-for-stm32.12.3.rel1.win32_1.0.100.202403111256/tools/bin/../lib/gcc/arm-none-eabi/12.3.1/thumb/v7e-m+fp/hard/crtbegin.o

.rodata         0x0800248c       0x38
                0x0800248c                        . = ALIGN (0x4)
 *(.rodata)
 *(.rodata*)
 .rodata.tabela_display
                0x0800248c       0x20 ./Core/Src/display.o
                0x0800248c                tabela_display
 .rodata.AHBPrescTable
                0x080024ac       0x10 ./Core/Src/system_stm32f4xx.o
                0x080024ac                AHBPrescTable
 .rodata.APBPrescTable
                0x080024bc        0x8 ./Core/Src/system_stm32f4xx.o
                0x080024bc                APBPrescTable
                0x080024c4                        . = ALIGN (0x4)

.ARM.extab      0x080024c4        0x0
                0x080024c4                        . = ALIGN (0x4)
 *(.ARM.extab* .gnu.linkonce.armextab.*)
                0x080024c4                        . = ALIGN (0x4)

.ARM            0x080024c4        0x8
                0x080024c4                        . = ALIGN (0x4)
                0x080024c4                        __exidx_start = .
 *(.ARM.exidx*)
 .ARM.exidx     0x080024c4        0x8 C:/ST/STM32CubeIDE_1.15.0/STM32CubeIDE/plugins/com.st.stm32cube.ide.mcu.externaltools.gnu-tools-for-stm32.12.3.rel1.win32_1.0.100.202403111256/tools/bin/../lib/gcc/arm-none-eabi/12.3.1/thumb/v7e-m+fp/hard\libgcc.a(_udivmoddi4.o)
                0x080024cc                        __exidx_end = .
                0x080024cc                        . = ALIGN (0x4)

.preinit_array  0x080024cc        0x0
                0x080024cc                        . = ALIGN (0x4)
                0x080024cc                        PROVIDE (__preinit_array_start = .)
 *(.preinit_array*)
                0x080024cc                        PROVIDE (__preinit_array_end = .)
                0x080024cc                        . = ALIGN (0x4)

.init_array     0x080024cc        0x4
                0x080024cc                        . = ALIGN (0x4)
                0x080024cc                        PROVIDE (__init_array_start = .)
 *(SORT_BY_NAME(.init_array.*))
 *(.init_array*)
 .init_array    0x080024cc        0x4 C:/ST/STM32CubeIDE_1.15.0/STM32CubeIDE/plugins/com.st.stm32cube.ide.mcu.externaltools.gnu-tools-for-stm32.12.3.rel1.win32_1.0.100.202403111256/tools/bin/../lib/gcc/arm-none-eabi/12.3.1/thumb/v7e-m+fp/hard/crtbegin.o
                0x080024d0                        PROVIDE (__init_array_end = .)
                0x080024d0                        . = ALIGN (0x4)

.fini_array     0x080024d0        0x4
                0x080024d0                        . = ALIGN (0x4)
                [!provide]                        PROVIDE (__fini_array_start = .)
 *(SORT_BY_NAME(.fini_array.*))
 *(.fini_array*)
 .fini_array    0x080024d0        0x4 C:/ST/STM32CubeIDE_1.15.0/STM32CubeIDE/plugins/com.st.stm32cube.ide.mcu.externaltools.gnu-tools-for-stm32.12.3.rel1.win32_1.0.100.202403111256/tools/bin/../lib/gcc/arm-none-eabi/12.3.1/thumb/v7e-m+fp/hard/crtbegin.o
                [!provide]                        PROVIDE (__fini_array_end = .)
                0x080024d4                        . = ALIGN (0x4)
                0x080024d4                        _sidata = LOADADDR (.data)

.rel.dyn        0x080024d4        0x0
 .rel.iplt      0x080024d4        0x0 C:/ST/STM32CubeIDE_1.15.0/STM32CubeIDE/plugins/com.st.stm32cube.ide.mcu.externaltools.gnu-tools-for-stm32.12.3.rel1.win32_1.0.100.202403111256/tools/bin/../lib/gcc/arm-none-eabi/12.3.1/thumb/v7e-m+fp/hard/crtbegin.o

.data           0x20000000       0x14 load address 0x080024d4
                0x20000000                        . = ALIGN (0x4)
                0x20000000                        _sdata = .
 *(.data)
 *(.data*)
 .data.setpoint
                0x20000000        0x4 ./Core/Src/main.o
                0x20000000                setpoint
 .data.setpoint_obrigatorio
                0x20000004        0x4 ./Core/Src/main.o
                0x20000004                setpoint_obrigatorio
 .data.SystemCoreClock
                0x20000008        0x4 ./Core/Src/system_stm32f4xx.o
                0x20000008                SystemCoreClock
 .data.uwTickPrio
                0x2000000c        0x4 ./Drivers/STM32F4xx_HAL_Driver/Src/stm32f4xx_hal.o
                0x2000000c                uwTickPrio
 .data.uwTickFreq
                0x20000010        0x1 ./Drivers/STM32F4xx_HAL_Driver/Src/stm32f4xx_hal.o
                0x20000010                uwTickFreq
 *(.RamFunc)
 *(.RamFunc*)
                0x20000014                        . = ALIGN (0x4)
 *fill*         0x20000011        0x3 
                0x20000014                        _edata = .

.igot.plt       0x20000014        0x0 load address 0x080024e8
 .igot.plt      0x20000014        0x0 C:/ST/STM32CubeIDE_1.15.0/STM32CubeIDE/plugins/com.st.stm32cube.ide.mcu.externaltools.gnu-tools-for-stm32.12.3.rel1.win32_1.0.100.202403111256/tools/bin/../lib/gcc/arm-none-eabi/12.3.1/thumb/v7e-m+fp/hard/crtbegin.o
                0x20000014                        . = ALIGN (0x4)

.bss            0x20000014       0xb8 load address 0x080024e8
                0x20000014                        _sbss = .
                0x20000014                        __bss_start__ = _sbss
 *(.bss)
 .bss           0x20000014       0x1c C:/ST/STM32CubeIDE_1.15.0/STM32CubeIDE/plugins/com.st.stm32cube.ide.mcu.externaltools.gnu-tools-for-stm32.12.3.rel1.win32_1.0.100.202403111256/tools/bin/../lib/gcc/arm-none-eabi/12.3.1/thumb/v7e-m+fp/hard/crtbegin.o
 *(.bss*)
 .bss.display   0x20000030        0x1 ./Core/Src/display.o
                0x20000030                display
 .bss.unidade   0x20000031        0x1 ./Core/Src/display.o
                0x20000031                unidade
 .bss.dezena    0x20000032        0x1 ./Core/Src/display.o
                0x20000032                dezena
 .bss.centena   0x20000033        0x1 ./Core/Src/display.o
                0x20000033                centena
 .bss.milhar    0x20000034        0x1 ./Core/Src/display.o
                0x20000034                milhar
 .bss.dezena_milhar
                0x20000035        0x1 ./Core/Src/display.o
                0x20000035                dezena_milhar
 .bss.centena_milhar
                0x20000036        0x1 ./Core/Src/display.o
                0x20000036                centena_milhar
 *fill*         0x20000037        0x1 
 .bss.hi2c1     0x20000038       0x54 ./Core/Src/main.o
                0x20000038                hi2c1
 .bss.contador_pecas
                0x2000008c        0x4 ./Core/Src/main.o
                0x2000008c                contador_pecas
 .bss.contador_pecas_anterior
                0x20000090        0x4 ./Core/Src/main.o
                0x20000090                contador_pecas_anterior
 .bss.modo      0x20000094        0x1 ./Core/Src/main.o
                0x20000094                modo
 .bss.saida_01  0x20000095        0x1 ./Core/Src/main.o
                0x20000095                saida_01
 .bss.trava.0   0x20000096        0x1 ./Core/Src/main.o
 *fill*         0x20000097        0x1 
 .bss.timer_3ms
                0x20000098        0x2 ./Core/Src/timer.o
                0x20000098                timer_3ms
 .bss.timer_5ms
                0x2000009a        0x2 ./Core/Src/timer.o
                0x2000009a                timer_5ms
 .bss.timer_10ms
                0x2000009c        0x2 ./Core/Src/timer.o
                0x2000009c                timer_10ms
 .bss.timer_50ms
                0x2000009e        0x2 ./Core/Src/timer.o
                0x2000009e                timer_50ms
 .bss.timer_100ms
                0x200000a0        0x2 ./Core/Src/timer.o
                0x200000a0                timer_100ms
 .bss.timer_500ms
                0x200000a2        0x2 ./Core/Src/timer.o
                0x200000a2                timer_500ms
 .bss.timer_1000ms
                0x200000a4        0x2 ./Core/Src/timer.o
                0x200000a4                timer_1000ms
 .bss.timer_flag_3ms
                0x200000a6        0x1 ./Core/Src/timer.o
                0x200000a6                timer_flag_3ms
 .bss.timer_flag_5ms
                0x200000a7        0x1 ./Core/Src/timer.o
                0x200000a7                timer_flag_5ms
 .bss.timer_flag_10ms
                0x200000a8        0x1 ./Core/Src/timer.o
                0x200000a8                timer_flag_10ms
 .bss.timer_flag_100ms
                0x200000a9        0x1 ./Core/Src/timer.o
                0x200000a9                timer_flag_100ms
 .bss.timer_flag_500ms
                0x200000aa        0x1 ./Core/Src/timer.o
                0x200000aa                timer_flag_500ms
 .bss.timer_cnt_1000ms
                0x200000ab        0x1 ./Core/Src/timer.o
                0x200000ab                timer_cnt_1000ms
 .bss.correcao  0x200000ac        0x2 ./Core/Src/timer.o
 .bss.btn_max_status
                0x200000ae        0x1 ./Core/Src/timer.o
                0x200000ae                btn_max_status
 *fill*         0x200000af        0x1 
 .bss.btn_max_contador
                0x200000b0        0x2 ./Core/Src/timer.o
                0x200000b0                btn_max_contador
 .bss.btn_max_borda_anterior
                0x200000b2        0x1 ./Core/Src/timer.o
                0x200000b2                btn_max_borda_anterior
 .bss.btn_max_evento
                0x200000b3        0x1 ./Core/Src/timer.o
                0x200000b3                btn_max_evento
 .bss.btn_min_status
                0x200000b4        0x1 ./Core/Src/timer.o
                0x200000b4                btn_min_status
 *fill*         0x200000b5        0x1 
 .bss.btn_min_contador
                0x200000b6        0x2 ./Core/Src/timer.o
                0x200000b6                btn_min_contador
 .bss.btn_min_borda_anterior
                0x200000b8        0x1 ./Core/Src/timer.o
                0x200000b8                btn_min_borda_anterior
 .bss.btn_min_evento
                0x200000b9        0x1 ./Core/Src/timer.o
                0x200000b9                btn_min_evento
 .bss.btn_relogio_status
                0x200000ba        0x1 ./Core/Src/timer.o
                0x200000ba                btn_relogio_status
 .bss.btn_relogio_borda_anterior
                0x200000bb        0x1 ./Core/Src/timer.o
                0x200000bb                btn_relogio_borda_anterior
 .bss.btn_relogio_contador
                0x200000bc        0x2 ./Core/Src/timer.o
                0x200000bc                btn_relogio_contador
 .bss.btn_relogio_hold
                0x200000be        0x2 ./Core/Src/timer.o
                0x200000be                btn_relogio_hold
 .bss.btn_relogio_evento
                0x200000c0        0x1 ./Core/Src/timer.o
                0x200000c0                btn_relogio_evento
 *fill*         0x200000c1        0x1 
 .bss.entrada_digital_contador
                0x200000c2        0x2 ./Core/Src/timer.o
                0x200000c2                entrada_digital_contador
 .bss.entrada_digital_status
                0x200000c4        0x1 ./Core/Src/timer.o
                0x200000c4                entrada_digital_status
 *fill*         0x200000c5        0x3 
 .bss.uwTick    0x200000c8        0x4 ./Drivers/STM32F4xx_HAL_Driver/Src/stm32f4xx_hal.o
                0x200000c8                uwTick
 *(COMMON)
                0x200000cc                        . = ALIGN (0x4)
                0x200000cc                        _ebss = .
                0x200000cc                        __bss_end__ = _ebss

._user_heap_stack
                0x200000cc      0x604 load address 0x080024e8
                0x200000d0                        . = ALIGN (0x8)
 *fill*         0x200000cc        0x4 
                [!provide]                        PROVIDE (end = .)
                0x200000d0                        PROVIDE (_end = .)
                0x200002d0                        . = (. + _Min_Heap_Size)
 *fill*         0x200000d0      0x200 
                0x200006d0                        . = (. + _Min_Stack_Size)
 *fill*         0x200002d0      0x400 
                0x200006d0                        . = ALIGN (0x8)

/DISCARD/
 libc.a(*)
 libm.a(*)
 libgcc.a(*)

.ARM.attributes
                0x00000000       0x30
 *(.ARM.attributes)
 .ARM.attributes
                0x00000000       0x22 C:/ST/STM32CubeIDE_1.15.0/STM32CubeIDE/plugins/com.st.stm32cube.ide.mcu.externaltools.gnu-tools-for-stm32.12.3.rel1.win32_1.0.100.202403111256/tools/bin/../lib/gcc/arm-none-eabi/12.3.1/thumb/v7e-m+fp/hard/crti.o
 .ARM.attributes
                0x00000022       0x34 C:/ST/STM32CubeIDE_1.15.0/STM32CubeIDE/plugins/com.st.stm32cube.ide.mcu.externaltools.gnu-tools-for-stm32.12.3.rel1.win32_1.0.100.202403111256/tools/bin/../lib/gcc/arm-none-eabi/12.3.1/thumb/v7e-m+fp/hard/crtbegin.o
 .ARM.attributes
                0x00000056       0x34 ./Core/Src/display.o
 .ARM.attributes
                0x0000008a       0x34 ./Core/Src/main.o
 .ARM.attributes
                0x000000be       0x34 ./Core/Src/stm32f4xx_hal_msp.o
 .ARM.attributes
                0x000000f2       0x34 ./Core/Src/stm32f4xx_it.o
 .ARM.attributes
                0x00000126       0x34 ./Core/Src/system_stm32f4xx.o
 .ARM.attributes
                0x0000015a       0x34 ./Core/Src/timer.o
 .ARM.attributes
                0x0000018e       0x21 ./Core/Startup/startup_stm32f410rbtx.o
 .ARM.attributes
                0x000001af       0x34 ./Drivers/STM32F4xx_HAL_Driver/Src/stm32f4xx_hal.o
 .ARM.attributes
                0x000001e3       0x34 ./Drivers/STM32F4xx_HAL_Driver/Src/stm32f4xx_hal_cortex.o
 .ARM.attributes
                0x00000217       0x34 ./Drivers/STM32F4xx_HAL_Driver/Src/stm32f4xx_hal_gpio.o
 .ARM.attributes
                0x0000024b       0x34 ./Drivers/STM32F4xx_HAL_Driver/Src/stm32f4xx_hal_i2c.o
 .ARM.attributes
                0x0000027f       0x34 ./Drivers/STM32F4xx_HAL_Driver/Src/stm32f4xx_hal_rcc.o
 .ARM.attributes
                0x000002b3       0x34 ./Drivers/STM32F4xx_HAL_Driver/Src/stm32f4xx_hal_rcc_ex.o
 .ARM.attributes
                0x000002e7       0x34 C:/ST/STM32CubeIDE_1.15.0/STM32CubeIDE/plugins/com.st.stm32cube.ide.mcu.externaltools.gnu-tools-for-stm32.12.3.rel1.win32_1.0.100.202403111256/tools/bin/../lib/gcc/arm-none-eabi/12.3.1/../../../../arm-none-eabi/lib/thumb/v7e-m+fp/hard\libc_nano.a(libc_a-memset.o)
 .ARM.attributes
                0x0000031b       0x34 C:/ST/STM32CubeIDE_1.15.0/STM32CubeIDE/plugins/com.st.stm32cube.ide.mcu.externaltools.gnu-tools-for-stm32.12.3.rel1.win32_1.0.100.202403111256/tools/bin/../lib/gcc/arm-none-eabi/12.3.1/../../../../arm-none-eabi/lib/thumb/v7e-m+fp/hard\libc_nano.a(libc_a-init.o)
 .ARM.attributes
                0x0000034f       0x22 C:/ST/STM32CubeIDE_1.15.0/STM32CubeIDE/plugins/com.st.stm32cube.ide.mcu.externaltools.gnu-tools-for-stm32.12.3.rel1.win32_1.0.100.202403111256/tools/bin/../lib/gcc/arm-none-eabi/12.3.1/thumb/v7e-m+fp/hard\libgcc.a(_aeabi_uldivmod.o)
 .ARM.attributes
                0x00000371       0x34 C:/ST/STM32CubeIDE_1.15.0/STM32CubeIDE/plugins/com.st.stm32cube.ide.mcu.externaltools.gnu-tools-for-stm32.12.3.rel1.win32_1.0.100.202403111256/tools/bin/../lib/gcc/arm-none-eabi/12.3.1/thumb/v7e-m+fp/hard\libgcc.a(_udivmoddi4.o)
 .ARM.attributes
                0x000003a5       0x22 C:/ST/STM32CubeIDE_1.15.0/STM32CubeIDE/plugins/com.st.stm32cube.ide.mcu.externaltools.gnu-tools-for-stm32.12.3.rel1.win32_1.0.100.202403111256/tools/bin/../lib/gcc/arm-none-eabi/12.3.1/thumb/v7e-m+fp/hard\libgcc.a(_dvmd_tls.o)
 .ARM.attributes
                0x000003c7       0x22 C:/ST/STM32CubeIDE_1.15.0/STM32CubeIDE/plugins/com.st.stm32cube.ide.mcu.externaltools.gnu-tools-for-stm32.12.3.rel1.win32_1.0.100.202403111256/tools/bin/../lib/gcc/arm-none-eabi/12.3.1/thumb/v7e-m+fp/hard/crtn.o
OUTPUT(CBS_01-Contador_de_Pecas.elf elf32-littlearm)
LOAD linker stubs
LOAD C:/ST/STM32CubeIDE_1.15.0/STM32CubeIDE/plugins/com.st.stm32cube.ide.mcu.externaltools.gnu-tools-for-stm32.12.3.rel1.win32_1.0.100.202403111256/tools/bin/../lib/gcc/arm-none-eabi/12.3.1/../../../../arm-none-eabi/lib/thumb/v7e-m+fp/hard\libc.a
LOAD C:/ST/STM32CubeIDE_1.15.0/STM32CubeIDE/plugins/com.st.stm32cube.ide.mcu.externaltools.gnu-tools-for-stm32.12.3.rel1.win32_1.0.100.202403111256/tools/bin/../lib/gcc/arm-none-eabi/12.3.1/../../../../arm-none-eabi/lib/thumb/v7e-m+fp/hard\libm.a
LOAD C:/ST/STM32CubeIDE_1.15.0/STM32CubeIDE/plugins/com.st.stm32cube.ide.mcu.externaltools.gnu-tools-for-stm32.12.3.rel1.win32_1.0.100.202403111256/tools/bin/../lib/gcc/arm-none-eabi/12.3.1/thumb/v7e-m+fp/hard\libgcc.a

.debug_info     0x00000000     0x753c
 .debug_info    0x00000000      0x2fc ./Core/Src/display.o
 .debug_info    0x000002fc      0xdaf ./Core/Src/main.o
 .debug_info    0x000010ab      0x935 ./Core/Src/stm32f4xx_hal_msp.o
 .debug_info    0x000019e0      0x118 ./Core/Src/stm32f4xx_it.o
 .debug_info    0x00001af8      0x4f8 ./Core/Src/system_stm32f4xx.o
 .debug_info    0x00001ff0      0x5f7 ./Core/Src/timer.o
 .debug_info    0x000025e7       0x30 ./Core/Startup/startup_stm32f410rbtx.o
 .debug_info    0x00002617      0x872 ./Drivers/STM32F4xx_HAL_Driver/Src/stm32f4xx_hal.o
 .debug_info    0x00002e89      0xcde ./Drivers/STM32F4xx_HAL_Driver/Src/stm32f4xx_hal_cortex.o
 .debug_info    0x00003b67      0x6c5 ./Drivers/STM32F4xx_HAL_Driver/Src/stm32f4xx_hal_gpio.o
 .debug_info    0x0000422c     0x2426 ./Drivers/STM32F4xx_HAL_Driver/Src/stm32f4xx_hal_i2c.o
 .debug_info    0x00006652      0x8bb ./Drivers/STM32F4xx_HAL_Driver/Src/stm32f4xx_hal_rcc.o
 .debug_info    0x00006f0d      0x62f ./Drivers/STM32F4xx_HAL_Driver/Src/stm32f4xx_hal_rcc_ex.o

.debug_abbrev   0x00000000     0x181b
 .debug_abbrev  0x00000000      0x1a2 ./Core/Src/display.o
 .debug_abbrev  0x000001a2      0x2d3 ./Core/Src/main.o
 .debug_abbrev  0x00000475      0x1a4 ./Core/Src/stm32f4xx_hal_msp.o
 .debug_abbrev  0x00000619       0x74 ./Core/Src/stm32f4xx_it.o
 .debug_abbrev  0x0000068d      0x11a ./Core/Src/system_stm32f4xx.o
 .debug_abbrev  0x000007a7      0x1b4 ./Core/Src/timer.o
 .debug_abbrev  0x0000095b       0x24 ./Core/Startup/startup_stm32f410rbtx.o
 .debug_abbrev  0x0000097f      0x247 ./Drivers/STM32F4xx_HAL_Driver/Src/stm32f4xx_hal.o
 .debug_abbrev  0x00000bc6      0x31d ./Drivers/STM32F4xx_HAL_Driver/Src/stm32f4xx_hal_cortex.o
 .debug_abbrev  0x00000ee3      0x1d6 ./Drivers/STM32F4xx_HAL_Driver/Src/stm32f4xx_hal_gpio.o
 .debug_abbrev  0x000010b9      0x2bc ./Drivers/STM32F4xx_HAL_Driver/Src/stm32f4xx_hal_i2c.o
 .debug_abbrev  0x00001375      0x2b7 ./Drivers/STM32F4xx_HAL_Driver/Src/stm32f4xx_hal_rcc.o
 .debug_abbrev  0x0000162c      0x1ef ./Drivers/STM32F4xx_HAL_Driver/Src/stm32f4xx_hal_rcc_ex.o

.debug_aranges  0x00000000      0x7f0
 .debug_aranges
                0x00000000       0x38 ./Core/Src/display.o
 .debug_aranges
                0x00000038       0x78 ./Core/Src/main.o
 .debug_aranges
                0x000000b0       0x30 ./Core/Src/stm32f4xx_hal_msp.o
 .debug_aranges
                0x000000e0       0x60 ./Core/Src/stm32f4xx_it.o
 .debug_aranges
                0x00000140       0x28 ./Core/Src/system_stm32f4xx.o
 .debug_aranges
                0x00000168       0x68 ./Core/Src/timer.o
 .debug_aranges
                0x000001d0       0x28 ./Core/Startup/startup_stm32f410rbtx.o
 .debug_aranges
                0x000001f8       0xf0 ./Drivers/STM32F4xx_HAL_Driver/Src/stm32f4xx_hal.o
 .debug_aranges
                0x000002e8      0x130 ./Drivers/STM32F4xx_HAL_Driver/Src/stm32f4xx_hal_cortex.o
 .debug_aranges
                0x00000418       0x58 ./Drivers/STM32F4xx_HAL_Driver/Src/stm32f4xx_hal_gpio.o
 .debug_aranges
                0x00000470      0x2a8 ./Drivers/STM32F4xx_HAL_Driver/Src/stm32f4xx_hal_i2c.o
 .debug_aranges
                0x00000718       0x88 ./Drivers/STM32F4xx_HAL_Driver/Src/stm32f4xx_hal_rcc.o
 .debug_aranges
                0x000007a0       0x50 ./Drivers/STM32F4xx_HAL_Driver/Src/stm32f4xx_hal_rcc_ex.o

.debug_rnglists
                0x00000000      0x60f
 .debug_rnglists
                0x00000000       0x29 ./Core/Src/display.o
 .debug_rnglists
                0x00000029       0x59 ./Core/Src/main.o
 .debug_rnglists
                0x00000082       0x20 ./Core/Src/stm32f4xx_hal_msp.o
 .debug_rnglists
                0x000000a2       0x43 ./Core/Src/stm32f4xx_it.o
 .debug_rnglists
                0x000000e5       0x1a ./Core/Src/system_stm32f4xx.o
 .debug_rnglists
                0x000000ff       0x4b ./Core/Src/timer.o
 .debug_rnglists
                0x0000014a       0x19 ./Core/Startup/startup_stm32f410rbtx.o
 .debug_rnglists
                0x00000163       0xaf ./Drivers/STM32F4xx_HAL_Driver/Src/stm32f4xx_hal.o
 .debug_rnglists
                0x00000212       0xe0 ./Drivers/STM32F4xx_HAL_Driver/Src/stm32f4xx_hal_cortex.o
 .debug_rnglists
                0x000002f2       0x3f ./Drivers/STM32F4xx_HAL_Driver/Src/stm32f4xx_hal_gpio.o
 .debug_rnglists
                0x00000331      0x23c ./Drivers/STM32F4xx_HAL_Driver/Src/stm32f4xx_hal_i2c.o
 .debug_rnglists
                0x0000056d       0x66 ./Drivers/STM32F4xx_HAL_Driver/Src/stm32f4xx_hal_rcc.o
 .debug_rnglists
                0x000005d3       0x3c ./Drivers/STM32F4xx_HAL_Driver/Src/stm32f4xx_hal_rcc_ex.o

.debug_macro    0x00000000     0x1a74
 .debug_macro   0x00000000      0x1f8 ./Core/Src/display.o
 .debug_macro   0x000001f8       0x22 ./Core/Src/display.o
 .debug_macro   0x0000021a       0xfa ./Core/Src/display.o
 .debug_macro   0x00000314      0x148 ./Core/Src/display.o
 .debug_macro   0x0000045c      0x208 ./Core/Src/main.o
 .debug_macro   0x00000664       0xf4 ./Core/Src/main.o
 .debug_macro   0x00000758      0x1d8 ./Core/Src/stm32f4xx_hal_msp.o
 .debug_macro   0x00000930      0x1f5 ./Core/Src/stm32f4xx_it.o
 .debug_macro   0x00000b25      0x1c9 ./Core/Src/system_stm32f4xx.o
 .debug_macro   0x00000cee      0x1f8 ./Core/Src/timer.o
 .debug_macro   0x00000ee6      0x229 ./Drivers/STM32F4xx_HAL_Driver/Src/stm32f4xx_hal.o
 .debug_macro   0x0000110f      0x1c9 ./Drivers/STM32F4xx_HAL_Driver/Src/stm32f4xx_hal_cortex.o
 .debug_macro   0x000012d8      0x1cf ./Drivers/STM32F4xx_HAL_Driver/Src/stm32f4xx_hal_gpio.o
 .debug_macro   0x000014a7      0x217 ./Drivers/STM32F4xx_HAL_Driver/Src/stm32f4xx_hal_i2c.o
 .debug_macro   0x000016be      0x1ed ./Drivers/STM32F4xx_HAL_Driver/Src/stm32f4xx_hal_rcc.o
 .debug_macro   0x000018ab      0x1c9 ./Drivers/STM32F4xx_HAL_Driver/Src/stm32f4xx_hal_rcc_ex.o

.debug_line     0x00000000     0xac28
 .debug_line    0x00000000      0x865 ./Core/Src/display.o
 .debug_line    0x00000865      0xa3e ./Core/Src/main.o
 .debug_line    0x000012a3      0x784 ./Core/Src/stm32f4xx_hal_msp.o
 .debug_line    0x00001a27      0x812 ./Core/Src/stm32f4xx_it.o
 .debug_line    0x00002239      0x7ac ./Core/Src/system_stm32f4xx.o
 .debug_line    0x000029e5      0x8ea ./Core/Src/timer.o
 .debug_line    0x000032cf       0x7a ./Core/Startup/startup_stm32f410rbtx.o
 .debug_line    0x00003349      0xa22 ./Drivers/STM32F4xx_HAL_Driver/Src/stm32f4xx_hal.o
 .debug_line    0x00003d6b      0xd16 ./Drivers/STM32F4xx_HAL_Driver/Src/stm32f4xx_hal_cortex.o
 .debug_line    0x00004a81      0xb4c ./Drivers/STM32F4xx_HAL_Driver/Src/stm32f4xx_hal_gpio.o
 .debug_line    0x000055cd     0x3b65 ./Drivers/STM32F4xx_HAL_Driver/Src/stm32f4xx_hal_i2c.o
 .debug_line    0x00009132      0xdbb ./Drivers/STM32F4xx_HAL_Driver/Src/stm32f4xx_hal_rcc.o
 .debug_line    0x00009eed      0xd3b ./Drivers/STM32F4xx_HAL_Driver/Src/stm32f4xx_hal_rcc_ex.o

.debug_str      0x00000000    0x7441a
 .debug_str     0x00000000    0x718fa ./Core/Src/display.o
                              0x71bdd (size before relaxing)
 .debug_str     0x000718fa      0x95f ./Core/Src/main.o
                              0x724fc (size before relaxing)
 .debug_str     0x00072259       0x63 ./Core/Src/stm32f4xx_hal_msp.o
                              0x719c7 (size before relaxing)
 .debug_str     0x000722bc       0xd1 ./Core/Src/stm32f4xx_it.o
                              0x71423 (size before relaxing)
 .debug_str     0x0007238d       0xdb ./Core/Src/system_stm32f4xx.o
                              0x70f1b (size before relaxing)
 .debug_str     0x00072468      0x200 ./Core/Src/timer.o
                              0x71e3e (size before relaxing)
 .debug_str     0x00072668       0x9a ./Core/Startup/startup_stm32f410rbtx.o
 .debug_str     0x00072702      0x97c ./Drivers/STM32F4xx_HAL_Driver/Src/stm32f4xx_hal.o
                              0x71911 (size before relaxing)
 .debug_str     0x0007307e      0x392 ./Drivers/STM32F4xx_HAL_Driver/Src/stm32f4xx_hal_cortex.o
                              0x716aa (size before relaxing)
 .debug_str     0x00073410      0x110 ./Drivers/STM32F4xx_HAL_Driver/Src/stm32f4xx_hal_gpio.o
                              0x7109c (size before relaxing)
 .debug_str     0x00073520      0xb68 ./Drivers/STM32F4xx_HAL_Driver/Src/stm32f4xx_hal_i2c.o
                              0x71f5b (size before relaxing)
 .debug_str     0x00074088      0x213 ./Drivers/STM32F4xx_HAL_Driver/Src/stm32f4xx_hal_rcc.o
                              0x71354 (size before relaxing)
 .debug_str     0x0007429b      0x17f ./Drivers/STM32F4xx_HAL_Driver/Src/stm32f4xx_hal_rcc_ex.o
                              0x71167 (size before relaxing)

.comment        0x00000000       0x43
 .comment       0x00000000       0x43 ./Core/Src/display.o
                                 0x44 (size before relaxing)
 .comment       0x00000043       0x44 ./Core/Src/main.o
 .comment       0x00000043       0x44 ./Core/Src/stm32f4xx_hal_msp.o
 .comment       0x00000043       0x44 ./Core/Src/stm32f4xx_it.o
 .comment       0x00000043       0x44 ./Core/Src/system_stm32f4xx.o
 .comment       0x00000043       0x44 ./Core/Src/timer.o
 .comment       0x00000043       0x44 ./Drivers/STM32F4xx_HAL_Driver/Src/stm32f4xx_hal.o
 .comment       0x00000043       0x44 ./Drivers/STM32F4xx_HAL_Driver/Src/stm32f4xx_hal_cortex.o
 .comment       0x00000043       0x44 ./Drivers/STM32F4xx_HAL_Driver/Src/stm32f4xx_hal_gpio.o
 .comment       0x00000043       0x44 ./Drivers/STM32F4xx_HAL_Driver/Src/stm32f4xx_hal_i2c.o
 .comment       0x00000043       0x44 ./Drivers/STM32F4xx_HAL_Driver/Src/stm32f4xx_hal_rcc.o
 .comment       0x00000043       0x44 ./Drivers/STM32F4xx_HAL_Driver/Src/stm32f4xx_hal_rcc_ex.o

.debug_frame    0x00000000     0x1f54
 .debug_frame   0x00000000       0xa4 ./Core/Src/display.o
 .debug_frame   0x000000a4      0x188 ./Core/Src/main.o
 .debug_frame   0x0000022c       0x80 ./Core/Src/stm32f4xx_hal_msp.o
 .debug_frame   0x000002ac      0x104 ./Core/Src/stm32f4xx_it.o
 .debug_frame   0x000003b0       0x58 ./Core/Src/system_stm32f4xx.o
 .debug_frame   0x00000408      0x140 ./Core/Src/timer.o
 .debug_frame   0x00000548      0x374 ./Drivers/STM32F4xx_HAL_Driver/Src/stm32f4xx_hal.o
 .debug_frame   0x000008bc      0x508 ./Drivers/STM32F4xx_HAL_Driver/Src/stm32f4xx_hal_cortex.o
 .debug_frame   0x00000dc4      0x14c ./Drivers/STM32F4xx_HAL_Driver/Src/stm32f4xx_hal_gpio.o
 .debug_frame   0x00000f10      0xc84 ./Drivers/STM32F4xx_HAL_Driver/Src/stm32f4xx_hal_i2c.o
 .debug_frame   0x00001b94      0x1f4 ./Drivers/STM32F4xx_HAL_Driver/Src/stm32f4xx_hal_rcc.o
 .debug_frame   0x00001d88      0x120 ./Drivers/STM32F4xx_HAL_Driver/Src/stm32f4xx_hal_rcc_ex.o
 .debug_frame   0x00001ea8       0x20 C:/ST/STM32CubeIDE_1.15.0/STM32CubeIDE/plugins/com.st.stm32cube.ide.mcu.externaltools.gnu-tools-for-stm32.12.3.rel1.win32_1.0.100.202403111256/tools/bin/../lib/gcc/arm-none-eabi/12.3.1/../../../../arm-none-eabi/lib/thumb/v7e-m+fp/hard\libc_nano.a(libc_a-memset.o)
 .debug_frame   0x00001ec8       0x2c C:/ST/STM32CubeIDE_1.15.0/STM32CubeIDE/plugins/com.st.stm32cube.ide.mcu.externaltools.gnu-tools-for-stm32.12.3.rel1.win32_1.0.100.202403111256/tools/bin/../lib/gcc/arm-none-eabi/12.3.1/../../../../arm-none-eabi/lib/thumb/v7e-m+fp/hard\libc_nano.a(libc_a-init.o)
 .debug_frame   0x00001ef4       0x2c C:/ST/STM32CubeIDE_1.15.0/STM32CubeIDE/plugins/com.st.stm32cube.ide.mcu.externaltools.gnu-tools-for-stm32.12.3.rel1.win32_1.0.100.202403111256/tools/bin/../lib/gcc/arm-none-eabi/12.3.1/thumb/v7e-m+fp/hard\libgcc.a(_aeabi_uldivmod.o)
 .debug_frame   0x00001f20       0x34 C:/ST/STM32CubeIDE_1.15.0/STM32CubeIDE/plugins/com.st.stm32cube.ide.mcu.externaltools.gnu-tools-for-stm32.12.3.rel1.win32_1.0.100.202403111256/tools/bin/../lib/gcc/arm-none-eabi/12.3.1/thumb/v7e-m+fp/hard\libgcc.a(_udivmoddi4.o)

.debug_line_str
                0x00000000       0x7e
 .debug_line_str
                0x00000000       0x7e ./Core/Startup/startup_stm32f410rbtx.o
