Archive member included to satisfy reference by file (symbol)

C:/ST/STM32CubeIDE_1.15.0/STM32CubeIDE/plugins/com.st.stm32cube.ide.mcu.externaltools.gnu-tools-for-stm32.12.3.rel1.win32_1.0.100.202403111256/tools/bin/../lib/gcc/arm-none-eabi/12.3.1/../../../../arm-none-eabi/lib/thumb/v7e-m+fp/hard\libc_nano.a(libc_a-exit.o)
                              C:/ST/STM32CubeIDE_1.15.0/STM32CubeIDE/plugins/com.st.stm32cube.ide.mcu.externaltools.gnu-tools-for-stm32.12.3.rel1.win32_1.0.100.202403111256/tools/bin/../lib/gcc/arm-none-eabi/12.3.1/../../../../arm-none-eabi/lib/thumb/v7e-m+fp/hard/crt0.o (exit)
C:/ST/STM32CubeIDE_1.15.0/STM32CubeIDE/plugins/com.st.stm32cube.ide.mcu.externaltools.gnu-tools-for-stm32.12.3.rel1.win32_1.0.100.202403111256/tools/bin/../lib/gcc/arm-none-eabi/12.3.1/../../../../arm-none-eabi/lib/thumb/v7e-m+fp/hard\libc_nano.a(libc_a-findfp.o)
                              C:/ST/STM32CubeIDE_1.15.0/STM32CubeIDE/plugins/com.st.stm32cube.ide.mcu.externaltools.gnu-tools-for-stm32.12.3.rel1.win32_1.0.100.202403111256/tools/bin/../lib/gcc/arm-none-eabi/12.3.1/../../../../arm-none-eabi/lib/thumb/v7e-m+fp/hard\libc_nano.a(libc_a-exit.o) (__stdio_exit_handler)
C:/ST/STM32CubeIDE_1.15.0/STM32CubeIDE/plugins/com.st.stm32cube.ide.mcu.externaltools.gnu-tools-for-stm32.12.3.rel1.win32_1.0.100.202403111256/tools/bin/../lib/gcc/arm-none-eabi/12.3.1/../../../../arm-none-eabi/lib/thumb/v7e-m+fp/hard\libc_nano.a(libc_a-fwalk.o)
                              C:/ST/STM32CubeIDE_1.15.0/STM32CubeIDE/plugins/com.st.stm32cube.ide.mcu.externaltools.gnu-tools-for-stm32.12.3.rel1.win32_1.0.100.202403111256/tools/bin/../lib/gcc/arm-none-eabi/12.3.1/../../../../arm-none-eabi/lib/thumb/v7e-m+fp/hard\libc_nano.a(libc_a-findfp.o) (_fwalk_sglue)
C:/ST/STM32CubeIDE_1.15.0/STM32CubeIDE/plugins/com.st.stm32cube.ide.mcu.externaltools.gnu-tools-for-stm32.12.3.rel1.win32_1.0.100.202403111256/tools/bin/../lib/gcc/arm-none-eabi/12.3.1/../../../../arm-none-eabi/lib/thumb/v7e-m+fp/hard\libc_nano.a(libc_a-stdio.o)
                              C:/ST/STM32CubeIDE_1.15.0/STM32CubeIDE/plugins/com.st.stm32cube.ide.mcu.externaltools.gnu-tools-for-stm32.12.3.rel1.win32_1.0.100.202403111256/tools/bin/../lib/gcc/arm-none-eabi/12.3.1/../../../../arm-none-eabi/lib/thumb/v7e-m+fp/hard\libc_nano.a(libc_a-findfp.o) (__sread)
C:/ST/STM32CubeIDE_1.15.0/STM32CubeIDE/plugins/com.st.stm32cube.ide.mcu.externaltools.gnu-tools-for-stm32.12.3.rel1.win32_1.0.100.202403111256/tools/bin/../lib/gcc/arm-none-eabi/12.3.1/../../../../arm-none-eabi/lib/thumb/v7e-m+fp/hard\libc_nano.a(libc_a-memcmp.o)
                              ./Core/Src/eeprom.o (memcmp)
C:/ST/STM32CubeIDE_1.15.0/STM32CubeIDE/plugins/com.st.stm32cube.ide.mcu.externaltools.gnu-tools-for-stm32.12.3.rel1.win32_1.0.100.202403111256/tools/bin/../lib/gcc/arm-none-eabi/12.3.1/../../../../arm-none-eabi/lib/thumb/v7e-m+fp/hard\libc_nano.a(libc_a-memset.o)
                              C:/ST/STM32CubeIDE_1.15.0/STM32CubeIDE/plugins/com.st.stm32cube.ide.mcu.externaltools.gnu-tools-for-stm32.12.3.rel1.win32_1.0.100.202403111256/tools/bin/../lib/gcc/arm-none-eabi/12.3.1/../../../../arm-none-eabi/lib/thumb/v7e-m+fp/hard/crt0.o (memset)
C:/ST/STM32CubeIDE_1.15.0/STM32CubeIDE/plugins/com.st.stm32cube.ide.mcu.externaltools.gnu-tools-for-stm32.12.3.rel1.win32_1.0.100.202403111256/tools/bin/../lib/gcc/arm-none-eabi/12.3.1/../../../../arm-none-eabi/lib/thumb/v7e-m+fp/hard\libc_nano.a(libc_a-closer.o)
                              C:/ST/STM32CubeIDE_1.15.0/STM32CubeIDE/plugins/com.st.stm32cube.ide.mcu.externaltools.gnu-tools-for-stm32.12.3.rel1.win32_1.0.100.202403111256/tools/bin/../lib/gcc/arm-none-eabi/12.3.1/../../../../arm-none-eabi/lib/thumb/v7e-m+fp/hard\libc_nano.a(libc_a-stdio.o) (_close_r)
C:/ST/STM32CubeIDE_1.15.0/STM32CubeIDE/plugins/com.st.stm32cube.ide.mcu.externaltools.gnu-tools-for-stm32.12.3.rel1.win32_1.0.100.202403111256/tools/bin/../lib/gcc/arm-none-eabi/12.3.1/../../../../arm-none-eabi/lib/thumb/v7e-m+fp/hard\libc_nano.a(libc_a-reent.o)
                              C:/ST/STM32CubeIDE_1.15.0/STM32CubeIDE/plugins/com.st.stm32cube.ide.mcu.externaltools.gnu-tools-for-stm32.12.3.rel1.win32_1.0.100.202403111256/tools/bin/../lib/gcc/arm-none-eabi/12.3.1/../../../../arm-none-eabi/lib/thumb/v7e-m+fp/hard\libc_nano.a(libc_a-closer.o) (errno)
C:/ST/STM32CubeIDE_1.15.0/STM32CubeIDE/plugins/com.st.stm32cube.ide.mcu.externaltools.gnu-tools-for-stm32.12.3.rel1.win32_1.0.100.202403111256/tools/bin/../lib/gcc/arm-none-eabi/12.3.1/../../../../arm-none-eabi/lib/thumb/v7e-m+fp/hard\libc_nano.a(libc_a-impure.o)
                              C:/ST/STM32CubeIDE_1.15.0/STM32CubeIDE/plugins/com.st.stm32cube.ide.mcu.externaltools.gnu-tools-for-stm32.12.3.rel1.win32_1.0.100.202403111256/tools/bin/../lib/gcc/arm-none-eabi/12.3.1/../../../../arm-none-eabi/lib/thumb/v7e-m+fp/hard\libc_nano.a(libc_a-reent.o) (_impure_ptr)
[...]
Memory Configuration

Name             Origin             Length             Attributes
RAM              0x20000000         0x00008000         xrw
FLASH            0x08000000         0x00020000         xr
*default*        0x00000000         0xffffffff

Linker script and memory map

LOAD C:/ST/STM32CubeIDE_1.15.0/STM32CubeIDE/plugins/com.st.stm32cube.ide.mcu.externaltools.gnu-tools-for-stm32.12.3.rel1.win32_1.0.100.202403111256/tools/bin/../lib/gcc/arm-none-eabi/12.3.1/thumb/v7e-m+fp/hard/crti.o
LOAD C:/ST/STM32CubeIDE_1.15.0/STM32CubeIDE/plugins/com.st.stm32cube.ide.mcu.externaltools.gnu-tools-for-stm32.12.3.rel1.win32_1.0.100.202403111256/tools/bin/../lib/gcc/arm-none-eabi/12.3.1/thumb/v7e-m+fp/hard/crtbegin.o
LOAD C:/ST/STM32CubeIDE_1.15.0/STM32CubeIDE/plugins/com.st.stm32cube.ide.mcu.externaltools.gnu-tools-for-stm32.12.3.rel1.win32_1.0.100.202403111256/tools/bin/../lib/gcc/arm-none-eabi/12.3.1/../../../../arm-none-eabi/lib/thumb/v7e-m+fp/hard/crt0.o
LOAD ./Core/Src/24x256.o
LOAD ./Core/Src/defines.o
LOAD ./Core/Src/display.o
LOAD ./Core/Src/eeprom.o
LOAD ./Core/Src/main.o
LOAD ./Core/Src/stm32f4xx_hal_msp.o
LOAD ./Core/Src/stm32f4xx_it.o
LOAD ./Core/Src/syscalls.o
LOAD ./Core/Src/sysmem.o
LOAD ./Core/Src/system_stm32f4xx.o
LOAD ./Core/Src/timer.o
LOAD ./Core/Startup/startup_stm32f410rbtx.o
LOAD ./Drivers/STM32F4xx_HAL_Driver/Src/stm32f4xx_hal.o
LOAD ./Drivers/STM32F4xx_HAL_Driver/Src/stm32f4xx_hal_cortex.o
LOAD ./Drivers/STM32F4xx_HAL_Driver/Src/stm32f4xx_hal_dma.o
LOAD ./Drivers/STM32F4xx_HAL_Driver/Src/stm32f4xx_hal_dma_ex.o
LOAD ./Drivers/STM32F4xx_HAL_Driver/Src/stm32f4xx_hal_exti.o
LOAD ./Drivers/STM32F4xx_HAL_Driver/Src/stm32f4xx_hal_flash.o
LOAD ./Drivers/STM32F4xx_HAL_Driver/Src/stm32f4xx_hal_flash_ex.o
LOAD ./Drivers/STM32F4xx_HAL_Driver/Src/stm32f4xx_hal_flash_ramfunc.o
LOAD ./Drivers/STM32F4xx_HAL_Driver/Src/stm32f4xx_hal_gpio.o
LOAD ./Drivers/STM32F4xx_HAL_Driver/Src/stm32f4xx_hal_i2c.o
LOAD ./Drivers/STM32F4xx_HAL_Driver/Src/stm32f4xx_hal_i2c_ex.o
LOAD ./Drivers/STM32F4xx_HAL_Driver/Src/stm32f4xx_hal_pwr.o
LOAD ./Drivers/STM32F4xx_HAL_Driver/Src/stm32f4xx_hal_pwr_ex.o
LOAD ./Drivers/STM32F4xx_HAL_Driver/Src/stm32f4xx_hal_rcc.o
LOAD ./Drivers/STM32F4xx_HAL_Driver/Src/stm32f4xx_hal_rcc_ex.o
LOAD ./Drivers/STM32F4xx_HAL_Driver/Src/stm32f4xx_hal_rtc.o
LOAD ./Drivers/STM32F4xx_HAL_Driver/Src/stm32f4xx_hal_rtc_ex.o
LOAD ./Drivers/STM32F4xx_HAL_Driver/Src/stm32f4xx_hal_tim.o
LOAD ./Drivers/STM32F4xx_HAL_Driver/Src/stm32f4xx_hal_tim_ex.o
START GROUP
LOAD C:/ST/STM32CubeIDE_1.15.0/STM32CubeIDE/plugins/com.st.stm32cube.ide.mcu.externaltools.gnu-tools-for-stm32.12.3.rel1.win32_1.0.100.202403111256/tools/bin/../lib/gcc/arm-none-eabi/12.3.1/../../../../arm-none-eabi/lib/thumb/v7e-m+fp/hard\libc_nano.a
LOAD C:/ST/STM32CubeIDE_1.15.0/STM32CubeIDE/plugins/com.st.stm32cube.ide.mcu.externaltools.gnu-tools-for-stm32.12.3.rel1.win32_1.0.100.202403111256/tools/bin/../lib/gcc/arm-none-eabi/12.3.1/../../../../arm-none-eabi/lib/thumb/v7e-m+fp/hard\libm.a
END GROUP
START GROUP
LOAD C:/ST/STM32CubeIDE_1.15.0/STM32CubeIDE/plugins/com.st.stm32cube.ide.mcu.externaltools.gnu-tools-for-stm32.12.3.rel1.win32_1.0.100.202403111256/tools/bin/../lib/gcc/arm-none-eabi/12.3.1/thumb/v7e-m+fp/hard\libgcc.a
LOAD C:/ST/STM32CubeIDE_1.15.0/STM32CubeIDE/plugins/com.st.stm32cube.ide.mcu.externaltools.gnu-tools-for-stm32.12.3.rel1.win32_1.0.100.202403111256/tools/bin/../lib/gcc/arm-none-eabi/12.3.1/../../../../arm-none-eabi/lib/thumb/v7e-m+fp/hard\libc_nano.a
END GROUP
START GROUP
LOAD C:/ST/STM32CubeIDE_1.15.0/STM32CubeIDE/plugins/com.st.stm32cube.ide.mcu.externaltools.gnu-tools-for-stm32.12.3.rel1.win32_1.0.100.202403111256/tools/bin/../lib/gcc/arm-none-eabi/12.3.1/thumb/v7e-m+fp/hard\libgcc.a
LOAD C:/ST/STM32CubeIDE_1.15.0/STM32CubeIDE/plugins/com.st.stm32cube.ide.mcu.externaltools.gnu-tools-for-stm32.12.3.rel1.win32_1.0.100.202403111256/tools/bin/../lib/gcc/arm-none-eabi/12.3.1/../../../../arm-none-eabi/lib/thumb/v7e-m+fp/hard\libc_nano.a
LOAD C:/ST/STM32CubeIDE_1.15.0/STM32CubeIDE/plugins/com.st.stm32cube.ide.mcu.externaltools.gnu-tools-for-stm32.12.3.rel1.win32_1.0.100.202403111256/tools/bin/../lib/gcc/arm-none-eabi/12.3.1/../../../../arm-none-eabi/lib/thumb/v7e-m+fp/hard\libnosys.a
END GROUP
START GROUP
LOAD C:/ST/STM32CubeIDE_1.15.0/STM32CubeIDE/plugins/com.st.stm32cube.ide.mcu.externaltools.gnu-tools-for-stm32.12.3.rel1.win32_1.0.100.202403111256/tools/bin/../lib/gcc/arm-none-eabi/12.3.1/thumb/v7e-m+fp/hard\libgcc.a
LOAD C:/ST/STM32CubeIDE_1.15.0/STM32CubeIDE/plugins/com.st.stm32cube.ide.mcu.externaltools.gnu-tools-for-stm32.12.3.rel1.win32_1.0.100.202403111256/tools/bin/../lib/gcc/arm-none-eabi/12.3.1/../../../../arm-none-eabi/lib/thumb/v7e-m+fp/hard\libc_nano.a
LOAD C:/ST/STM32CubeIDE_1.15.0/STM32CubeIDE/plugins/com.st.stm32cube.ide.mcu.externaltools.gnu-tools-for-stm32.12.3.rel1.win32_1.0.100.202403111256/tools/bin/../lib/gcc/arm-none-eabi/12.3.1/../../../../arm-none-eabi/lib/thumb/v7e-m+fp/hard\libnosys.a
END GROUP
LOAD C:/ST/STM32CubeIDE_1.15.0/STM32CubeIDE/plugins/com.st.stm32cube.ide.mcu.externaltools.gnu-tools-for-stm32.12.3.rel1.win32_1.0.100.202403111256/tools/bin/../lib/gcc/arm-none-eabi/12.3.1/thumb/v7e-m+fp/hard/crtend.o
LOAD C:/ST/STM32CubeIDE_1.15.0/STM32CubeIDE/plugins/com.st.stm32cube.ide.mcu.externaltools.gnu-tools-for-stm32.12.3.rel1.win32_1.0.100.202403111256/tools/bin/../lib/gcc/arm-none-eabi/12.3.1/thumb/v7e-m+fp/hard/crtn.o
                0x20008000                        _estack = (ORIGIN (RAM) + LENGTH (RAM))
                0x00000200                        _Min_Heap_Size = 0x200
                0x00000400                        _Min_Stack_Size = 0x400

.isr_vector     0x08000000      0x1c8
                0x08000000                        . = ALIGN (0x4)
 *(.isr_vector)
 .isr_vector    0x08000000      0x1c8 ./Core/Startup/startup_stm32f410rbtx.o
                0x08000000                g_pfnVectors
                0x080001c8                        . = ALIGN (0x4)

.text           0x080001c8     0x383c
                0x080001c8                        . = ALIGN (0x4)
 *(.text)
 .text          0x080001c8       0x40 C:/ST/STM32CubeIDE_1.15.0/STM32CubeIDE/plugins/com.st.stm32cube.ide.mcu.externaltools.gnu-tools-for-stm32.12.3.rel1.win32_1.0.100.202403111256/tools/bin/../lib/gcc/arm-none-eabi/12.3.1/thumb/v7e-m+fp/hard/crtbegin.o
 .text          0x08000208       0x30 C:/ST/STM32CubeIDE_1.15.0/STM32CubeIDE/plugins/com.st.stm32cube.ide.mcu.externaltools.gnu-tools-for-stm32.12.3.rel1.win32_1.0.100.202403111256/tools/bin/../lib/gcc/arm-none-eabi/12.3.1/thumb/v7e-m+fp/hard\libgcc.a(_aeabi_uldivmod.o)
                0x08000208                __aeabi_uldivmod
 .text          0x08000238      0x2bc C:/ST/STM32CubeIDE_1.15.0/STM32CubeIDE/plugins/com.st.stm32cube.ide.mcu.externaltools.gnu-tools-for-stm32.12.3.rel1.win32_1.0.100.202403111256/tools/bin/../lib/gcc/arm-none-eabi/12.3.1/thumb/v7e-m+fp/hard\libgcc.a(_udivmoddi4.o)
                0x08000238                __udivmoddi4
 .text          0x080004f4        0x4 C:/ST/STM32CubeIDE_1.15.0/STM32CubeIDE/plugins/com.st.stm32cube.ide.mcu.externaltools.gnu-tools-for-stm32.12.3.rel1.win32_1.0.100.202403111256/tools/bin/../lib/gcc/arm-none-eabi/12.3.1/thumb/v7e-m+fp/hard\libgcc.a(_dvmd_tls.o)
                0x080004f4                __aeabi_idiv0
                0x080004f4                __aeabi_ldiv0
 *(.text*)
 .text.escreve_segmentos
                0x080004f8       0xc4 ./Core/Src/display.o
                0x080004f8                escreve_segmentos
 .text.display_atualiza
                0x080005bc      0x108 ./Core/Src/display.o
                0x080005bc                display_atualiza
 .text.display_scan
                0x080006c4      0x16c ./Core/Src/display.o
                0x080006c4                display_scan
 .text.desliga_displays
                0x08000830       0x94 ./Core/Src/display.o
                0x08000830                desliga_displays
 .text.eeprom_init
                0x080008c4       0x28 ./Core/Src/eeprom.o
                0x080008c4                eeprom_init
 .text.eeprom_read
                0x080008ec       0x6c ./Core/Src/eeprom.o
                0x080008ec                eeprom_read
 .text.eeprom_write
                0x08000958       0x48 ./Core/Src/eeprom.o
                0x08000958                eeprom_write
 .text.eeprom_process
                0x080009a0       0xdc ./Core/Src/eeprom.o
                0x080009a0                eeprom_process
 .text.main     0x08000a7c       0xbc ./Core/Src/main.o
                0x08000a7c                main
 .text.SystemClock_Config
                0x08000b38       0xd8 ./Core/Src/main.o
                0x08000b38                SystemClock_Config
 .text.MX_I2C1_Init
                0x08000c10       0x5c ./Core/Src/main.o
 .text.MX_RTC_Init
                0x08000c6c       0x4c ./Core/Src/main.o
 .text.MX_GPIO_Init
                0x08000cb8      0x12c ./Core/Src/main.o
 .text.splash_screen
                0x08000de4       0x5c ./Core/Src/main.o
                0x08000de4                splash_screen
 .text.modo_operacao
                0x08000e40       0xa4 ./Core/Src/main.o
                0x08000e40                modo_operacao
 .text.contagem
                0x08000ee4       0xb4 ./Core/Src/main.o
                0x08000ee4                contagem
 .text.modo_setpoint
                0x08000f98       0x78 ./Core/Src/main.o
                0x08000f98                modo_setpoint
 .text.modo_setpoint_obrigatorio
                0x08001010       0x84 ./Core/Src/main.o
                0x08001010                modo_setpoint_obrigatorio
 .text.btn_relogio_processado
                0x08001094       0xbc ./Core/Src/main.o
                0x08001094                btn_relogio_processado
 .text.le_botoes
                0x08001150      0x61c ./Core/Src/main.o
                0x08001150                le_botoes
 .text.salva_configs
                0x0800176c       0x64 ./Core/Src/main.o
                0x0800176c                salva_configs
 .text.carrega_config
                0x080017d0       0x74 ./Core/Src/main.o
                0x080017d0                carrega_config
 .text.Error_Handler
                0x08001844        0xc ./Core/Src/main.o
                0x08001844                Error_Handler
 .text.HAL_MspInit
                0x08001850       0x50 ./Core/Src/stm32f4xx_hal_msp.o
                0x08001850                HAL_MspInit
 .text.HAL_I2C_MspInit
                0x080018a0       0x90 ./Core/Src/stm32f4xx_hal_msp.o
                0x080018a0                HAL_I2C_MspInit
 .text.HAL_RTC_MspInit
                0x08001930       0x58 ./Core/Src/stm32f4xx_hal_msp.o
                0x08001930                HAL_RTC_MspInit
 .text.NMI_Handler
                0x08001988        0x8 ./Core/Src/stm32f4xx_it.o
                0x08001988                NMI_Handler
 .text.HardFault_Handler
                0x08001990        0x8 ./Core/Src/stm32f4xx_it.o
                0x08001990                HardFault_Handler
 .text.MemManage_Handler
                0x08001998        0x8 ./Core/Src/stm32f4xx_it.o
                0x08001998                MemManage_Handler
 .text.BusFault_Handler
                0x080019a0        0x8 ./Core/Src/stm32f4xx_it.o
                0x080019a0                BusFault_Handler
 .text.UsageFault_Handler
                0x080019a8        0x8 ./Core/Src/stm32f4xx_it.o
                0x080019a8                UsageFault_Handler
 .text.SVC_Handler
                0x080019b0        0xe ./Core/Src/stm32f4xx_it.o
                0x080019b0                SVC_Handler
 .text.DebugMon_Handler
                0x080019be        0xe ./Core/Src/stm32f4xx_it.o
                0x080019be                DebugMon_Handler
 .text.PendSV_Handler
                0x080019cc        0xe ./Core/Src/stm32f4xx_it.o
                0x080019cc                PendSV_Handler
 .text.SysTick_Handler
                0x080019da       0x10 ./Core/Src/stm32f4xx_it.o
                0x080019da                SysTick_Handler
 *fill*         0x080019ea        0x2 
 .text.SystemInit
                0x080019ec       0x24 ./Core/Src/system_stm32f4xx.o
                0x080019ec                SystemInit
 .text.mainIsr  0x08001a10      0x140 ./Core/Src/timer.o
                0x08001a10                mainIsr
 .text.tmr_1ms  0x08001b50       0x18 ./Core/Src/timer.o
                0x08001b50                tmr_1ms
 .text.tmr_3ms  0x08001b68       0x20 ./Core/Src/timer.o
                0x08001b68                tmr_3ms
 .text.tmr_5ms  0x08001b88       0x18 ./Core/Src/timer.o
                0x08001b88                tmr_5ms
 .text.tmr_10ms
                0x08001ba0       0x34 ./Core/Src/timer.o
                0x08001ba0                tmr_10ms
 .text.tmr_50ms
                0x08001bd4       0x50 ./Core/Src/timer.o
                0x08001bd4                tmr_50ms
 .text.tmr_100ms
                0x08001c24       0x18 ./Core/Src/timer.o
                0x08001c24                tmr_100ms
 .text.tmr_500ms
                0x08001c3c       0x18 ./Core/Src/timer.o
                0x08001c3c                tmr_500ms
 .text.tmr_1000ms
                0x08001c54       0x20 ./Core/Src/timer.o
                0x08001c54                tmr_1000ms
 .text.debounce_btns
                0x08001c74       0xd8 ./Core/Src/timer.o
                0x08001c74                debounce_btns
 .text.debounce_entradas_digitais
                0x08001d4c       0x54 ./Core/Src/timer.o
                0x08001d4c                debounce_entradas_digitais
 .text.Reset_Handler
                0x08001da0       0x50 ./Core/Startup/startup_stm32f410rbtx.o
                0x08001da0                Reset_Handler
 .text.Default_Handler
                0x08001df0        0x2 ./Core/Startup/startup_stm32f410rbtx.o
                0x08001df0                RTC_Alarm_IRQHandler
                0x08001df0                EXTI2_IRQHandler
                0x08001df0                FMPI2C1_EV_IRQHandler
                0x08001df0                TIM1_CC_IRQHandler
                0x08001df0                DMA2_Stream5_IRQHandler
                0x08001df0                DMA1_Stream5_IRQHandler
                0x08001df0                PVD_IRQHandler
                0x08001df0                TAMP_STAMP_IRQHandler
                0x08001df0                EXTI3_IRQHandler
                0x08001df0                EXTI0_IRQHandler
                0x08001df0                I2C2_EV_IRQHandler
                0x08001df0                DMA1_Stream2_IRQHandler
                0x08001df0                FPU_IRQHandler
                0x08001df0                DMA2_Stream2_IRQHandler
                0x08001df0                SPI1_IRQHandler
                0x08001df0                TIM6_DAC_IRQHandler
                0x08001df0                TIM1_BRK_TIM9_IRQHandler
                0x08001df0                DMA2_Stream3_IRQHandler
                0x08001df0                USART6_IRQHandler
                0x08001df0                DMA2_Stream0_IRQHandler
                0x08001df0                I2C1_EV_IRQHandler
                0x08001df0                DMA1_Stream6_IRQHandler
                0x08001df0                DMA1_Stream1_IRQHandler
                0x08001df0                RCC_IRQHandler
                0x08001df0                Default_Handler
                0x08001df0                EXTI15_10_IRQHandler
                0x08001df0                ADC_IRQHandler
                0x08001df0                DMA1_Stream7_IRQHandler
                0x08001df0                SPI5_IRQHandler
                0x08001df0                TIM5_IRQHandler
                0x08001df0                DMA2_Stream7_IRQHandler
                0x08001df0                EXTI9_5_IRQHandler
                0x08001df0                RTC_WKUP_IRQHandler
                0x08001df0                SPI2_IRQHandler
                0x08001df0                DMA1_Stream0_IRQHandler
                0x08001df0                FMPI2C1_ER_IRQHandler
                0x08001df0                EXTI4_IRQHandler
                0x08001df0                RNG_IRQHandler
                0x08001df0                TIM1_UP_IRQHandler
                0x08001df0                WWDG_IRQHandler
                0x08001df0                TIM1_TRG_COM_TIM11_IRQHandler
                0x08001df0                EXTI1_IRQHandler
                0x08001df0                USART2_IRQHandler
                0x08001df0                I2C2_ER_IRQHandler
                0x08001df0                DMA2_Stream1_IRQHandler
                0x08001df0                FLASH_IRQHandler
                0x08001df0                DMA2_Stream4_IRQHandler
                0x08001df0                USART1_IRQHandler
                0x08001df0                DMA1_Stream4_IRQHandler
                0x08001df0                I2C1_ER_IRQHandler
                0x08001df0                LPTIM1_IRQHandler
                0x08001df0                DMA2_Stream6_IRQHandler
                0x08001df0                DMA1_Stream3_IRQHandler
 *fill*         0x08001df2        0x2 
 .text.HAL_Init
                0x08001df4       0x44 ./Drivers/STM32F4xx_HAL_Driver/Src/stm32f4xx_hal.o
                0x08001df4                HAL_Init
 .text.HAL_InitTick
                0x08001e38       0x60 ./Drivers/STM32F4xx_HAL_Driver/Src/stm32f4xx_hal.o
                0x08001e38                HAL_InitTick
 .text.HAL_IncTick
                0x08001e98       0x28 ./Drivers/STM32F4xx_HAL_Driver/Src/stm32f4xx_hal.o
                0x08001e98                HAL_IncTick
 .text.HAL_GetTick
                0x08001ec0       0x18 ./Drivers/STM32F4xx_HAL_Driver/Src/stm32f4xx_hal.o
                0x08001ec0                HAL_GetTick
 .text.HAL_Delay
                0x08001ed8       0x48 ./Drivers/STM32F4xx_HAL_Driver/Src/stm32f4xx_hal.o
                0x08001ed8                HAL_Delay
 .text.__NVIC_SetPriorityGrouping
                0x08001f20       0x48 ./Drivers/STM32F4xx_HAL_Driver/Src/stm32f4xx_hal_cortex.o
 .text.__NVIC_GetPriorityGrouping
                0x08001f68       0x1c ./Drivers/STM32F4xx_HAL_Driver/Src/stm32f4xx_hal_cortex.o
 .text.__NVIC_SetPriority
                0x08001f84       0x54 ./Drivers/STM32F4xx_HAL_Driver/Src/stm32f4xx_hal_cortex.o
 .text.NVIC_EncodePriority
                0x08001fd8       0x66 ./Drivers/STM32F4xx_HAL_Driver/Src/stm32f4xx_hal_cortex.o
 *fill*         0x0800203e        0x2 
 .text.SysTick_Config
                0x08002040       0x44 ./Drivers/STM32F4xx_HAL_Driver/Src/stm32f4xx_hal_cortex.o
 .text.HAL_NVIC_SetPriorityGrouping
                0x08002084       0x16 ./Drivers/STM32F4xx_HAL_Driver/Src/stm32f4xx_hal_cortex.o
                0x08002084                HAL_NVIC_SetPriorityGrouping
 .text.HAL_NVIC_SetPriority
                0x0800209a       0x38 ./Drivers/STM32F4xx_HAL_Driver/Src/stm32f4xx_hal_cortex.o
                0x0800209a                HAL_NVIC_SetPriority
 .text.HAL_SYSTICK_Config
                0x080020d2       0x18 ./Drivers/STM32F4xx_HAL_Driver/Src/stm32f4xx_hal_cortex.o
                0x080020d2                HAL_SYSTICK_Config
 *fill*         0x080020ea        0x2 
 .text.HAL_FLASH_Program
                0x080020ec       0xa4 ./Drivers/STM32F4xx_HAL_Driver/Src/stm32f4xx_hal_flash.o
                0x080020ec                HAL_FLASH_Program
 .text.HAL_FLASH_Unlock
                0x08002190       0x44 ./Drivers/STM32F4xx_HAL_Driver/Src/stm32f4xx_hal_flash.o
                0x08002190                HAL_FLASH_Unlock
 .text.HAL_FLASH_Lock
                0x080021d4       0x20 ./Drivers/STM32F4xx_HAL_Driver/Src/stm32f4xx_hal_flash.o
                0x080021d4                HAL_FLASH_Lock
 .text.FLASH_WaitForLastOperation
                0x080021f4       0x80 ./Drivers/STM32F4xx_HAL_Driver/Src/stm32f4xx_hal_flash.o
                0x080021f4                FLASH_WaitForLastOperation
 .text.FLASH_Program_DoubleWord
                0x08002274       0x64 ./Drivers/STM32F4xx_HAL_Driver/Src/stm32f4xx_hal_flash.o
 .text.FLASH_Program_Word
                0x080022d8       0x44 ./Drivers/STM32F4xx_HAL_Driver/Src/stm32f4xx_hal_flash.o
 .text.FLASH_Program_HalfWord
                0x0800231c       0x48 ./Drivers/STM32F4xx_HAL_Driver/Src/stm32f4xx_hal_flash.o
 .text.FLASH_Program_Byte
                0x08002364       0x44 ./Drivers/STM32F4xx_HAL_Driver/Src/stm32f4xx_hal_flash.o
 .text.FLASH_SetErrorCode
                0x080023a8       0xcc ./Drivers/STM32F4xx_HAL_Driver/Src/stm32f4xx_hal_flash.o
 .text.HAL_FLASHEx_Erase
                0x08002474       0xdc ./Drivers/STM32F4xx_HAL_Driver/Src/stm32f4xx_hal_flash_ex.o
                0x08002474                HAL_FLASHEx_Erase
 .text.FLASH_MassErase
                0x08002550       0x48 ./Drivers/STM32F4xx_HAL_Driver/Src/stm32f4xx_hal_flash_ex.o
 .text.FLASH_Erase_Sector
                0x08002598       0x90 ./Drivers/STM32F4xx_HAL_Driver/Src/stm32f4xx_hal_flash_ex.o
                0x08002598                FLASH_Erase_Sector
 .text.FLASH_FlushCaches
                0x08002628       0x8c ./Drivers/STM32F4xx_HAL_Driver/Src/stm32f4xx_hal_flash_ex.o
                0x08002628                FLASH_FlushCaches
 .text.HAL_GPIO_Init
                0x080026b4      0x2e8 ./Drivers/STM32F4xx_HAL_Driver/Src/stm32f4xx_hal_gpio.o
                0x080026b4                HAL_GPIO_Init
 .text.HAL_GPIO_ReadPin
                0x0800299c       0x30 ./Drivers/STM32F4xx_HAL_Driver/Src/stm32f4xx_hal_gpio.o
                0x0800299c                HAL_GPIO_ReadPin
 .text.HAL_GPIO_WritePin
                0x080029cc       0x32 ./Drivers/STM32F4xx_HAL_Driver/Src/stm32f4xx_hal_gpio.o
                0x080029cc                HAL_GPIO_WritePin
 *fill*         0x080029fe        0x2 
 .text.HAL_I2C_Init
                0x08002a00      0x288 ./Drivers/STM32F4xx_HAL_Driver/Src/stm32f4xx_hal_i2c.o
                0x08002a00                HAL_I2C_Init
 .text.HAL_PWR_EnableBkUpAccess
                0x08002c88       0x28 ./Drivers/STM32F4xx_HAL_Driver/Src/stm32f4xx_hal_pwr.o
                0x08002c88                HAL_PWR_EnableBkUpAccess
 .text.HAL_RCC_ClockConfig
                0x08002cb0      0x1cc ./Drivers/STM32F4xx_HAL_Driver/Src/stm32f4xx_hal_rcc.o
                0x08002cb0                HAL_RCC_ClockConfig
 .text.HAL_RCC_GetSysClockFreq
                0x08002e7c      0x18c ./Drivers/STM32F4xx_HAL_Driver/Src/stm32f4xx_hal_rcc.o
                0x08002e7c                HAL_RCC_GetSysClockFreq
 .text.HAL_RCC_GetHCLKFreq
                0x08003008       0x18 ./Drivers/STM32F4xx_HAL_Driver/Src/stm32f4xx_hal_rcc.o
                0x08003008                HAL_RCC_GetHCLKFreq
 .text.HAL_RCC_GetPCLK1Freq
                0x08003020       0x28 ./Drivers/STM32F4xx_HAL_Driver/Src/stm32f4xx_hal_rcc.o
                0x08003020                HAL_RCC_GetPCLK1Freq
 .text.HAL_RCCEx_PeriphCLKConfig
                0x08003048      0x1b8 ./Drivers/STM32F4xx_HAL_Driver/Src/stm32f4xx_hal_rcc_ex.o
                0x08003048                HAL_RCCEx_PeriphCLKConfig
 .text.HAL_RCC_OscConfig
                0x08003200      0x508 ./Drivers/STM32F4xx_HAL_Driver/Src/stm32f4xx_hal_rcc_ex.o
                0x08003200                HAL_RCC_OscConfig
 .text.HAL_RTC_Init
                0x08003708      0x102 ./Drivers/STM32F4xx_HAL_Driver/Src/stm32f4xx_hal_rtc.o
                0x08003708                HAL_RTC_Init
 *fill*         0x0800380a        0x2 
 .text.HAL_RTC_WaitForSynchro
                0x0800380c       0x4c ./Drivers/STM32F4xx_HAL_Driver/Src/stm32f4xx_hal_rtc.o
                0x0800380c                HAL_RTC_WaitForSynchro
 .text.RTC_EnterInitMode
                0x08003858       0x6e ./Drivers/STM32F4xx_HAL_Driver/Src/stm32f4xx_hal_rtc.o
                0x08003858                RTC_EnterInitMode
 .text.RTC_ExitInitMode
                0x080038c6       0x4a ./Drivers/STM32F4xx_HAL_Driver/Src/stm32f4xx_hal_rtc.o
                0x080038c6                RTC_ExitInitMode
 .text.HAL_RTCEx_BKUPWrite
                0x08003910       0x34 ./Drivers/STM32F4xx_HAL_Driver/Src/stm32f4xx_hal_rtc_ex.o
                0x08003910                HAL_RTCEx_BKUPWrite
 .text.HAL_RTCEx_BKUPRead
                0x08003944       0x30 ./Drivers/STM32F4xx_HAL_Driver/Src/stm32f4xx_hal_rtc_ex.o
                0x08003944                HAL_RTCEx_BKUPRead
 .text.memcmp   0x08003974       0x20 C:/ST/STM32CubeIDE_1.15.0/STM32CubeIDE/plugins/com.st.stm32cube.ide.mcu.externaltools.gnu-tools-for-stm32.12.3.rel1.win32_1.0.100.202403111256/tools/bin/../lib/gcc/arm-none-eabi/12.3.1/../../../../arm-none-eabi/lib/thumb/v7e-m+fp/hard\libc_nano.a(libc_a-memcmp.o)
                0x08003974                memcmp
 .text.memset   0x08003994       0x10 C:/ST/STM32CubeIDE_1.15.0/STM32CubeIDE/plugins/com.st.stm32cube.ide.mcu.externaltools.gnu-tools-for-stm32.12.3.rel1.win32_1.0.100.202403111256/tools/bin/../lib/gcc/arm-none-eabi/12.3.1/../../../../arm-none-eabi/lib/thumb/v7e-m+fp/hard\libc_nano.a(libc_a-memset.o)
                0x08003994                memset
 .text.__libc_init_array
                0x080039a4       0x48 C:/ST/STM32CubeIDE_1.15.0/STM32CubeIDE/plugins/com.st.stm32cube.ide.mcu.externaltools.gnu-tools-for-stm32.12.3.rel1.win32_1.0.100.202403111256/tools/bin/../lib/gcc/arm-none-eabi/12.3.1/../../../../arm-none-eabi/lib/thumb/v7e-m+fp/hard\libc_nano.a(libc_a-init.o)
                0x080039a4                __libc_init_array
 *(.glue_7)
 .glue_7        0x080039ec        0x0 linker stubs
 *(.glue_7t)
 .glue_7t       0x080039ec        0x0 linker stubs
 *(.eh_frame)
 .eh_frame      0x080039ec        0x0 C:/ST/STM32CubeIDE_1.15.0/STM32CubeIDE/plugins/com.st.stm32cube.ide.mcu.externaltools.gnu-tools-for-stm32.12.3.rel1.win32_1.0.100.202403111256/tools/bin/../lib/gcc/arm-none-eabi/12.3.1/thumb/v7e-m+fp/hard/crtbegin.o
 *(.init)
 .init          0x080039ec        0x4 C:/ST/STM32CubeIDE_1.15.0/STM32CubeIDE/plugins/com.st.stm32cube.ide.mcu.externaltools.gnu-tools-for-stm32.12.3.rel1.win32_1.0.100.202403111256/tools/bin/../lib/gcc/arm-none-eabi/12.3.1/thumb/v7e-m+fp/hard/crti.o
                0x080039ec                _init
 .init          0x080039f0        0x8 C:/ST/STM32CubeIDE_1.15.0/STM32CubeIDE/plugins/com.st.stm32cube.ide.mcu.externaltools.gnu-tools-for-stm32.12.3.rel1.win32_1.0.100.202403111256/tools/bin/../lib/gcc/arm-none-eabi/12.3.1/thumb/v7e-m+fp/hard/crtn.o
 *(.fini)
 .fini          0x080039f8        0x4 C:/ST/STM32CubeIDE_1.15.0/STM32CubeIDE/plugins/com.st.stm32cube.ide.mcu.externaltools.gnu-tools-for-stm32.12.3.rel1.win32_1.0.100.202403111256/tools/bin/../lib/gcc/arm-none-eabi/12.3.1/thumb/v7e-m+fp/hard/crti.o
                0x080039f8                _fini
 .fini          0x080039fc        0x8 C:/ST/STM32CubeIDE_1.15.0/STM32CubeIDE/plugins/com.st.stm32cube.ide.mcu.externaltools.gnu-tools-for-stm32.12.3.rel1.win32_1.0.100.202403111256/tools/bin/../lib/gcc/arm-none-eabi/12.3.1/thumb/v7e-m+fp/hard/crtn.o
                0x08003a04                        . = ALIGN (0x4)
                0x08003a04                        _etext = .

.vfp11_veneer   0x08003a04        0x0
 .vfp11_veneer  0x08003a04        0x0 linker stubs

.v4_bx          0x08003a04        0x0
 .v4_bx         0x08003a04        0x0 linker stubs

.iplt           0x08003a04        0x0
 .iplt          0x08003a04        0x0 C:/ST/STM32CubeIDE_1.15.0/STM32CubeIDE/plugins/com.st.stm32cube.ide.mcu.externaltools.gnu-tools-for-stm32.12.3.rel1.win32_1.0.100.202403111256/tools/bin/../lib/gcc/arm-none-eabi/12.3.1/thumb/v7e-m+fp/hard/crtbegin.o

.rodata         0x08003a04       0x38
                0x08003a04                        . = ALIGN (0x4)
 *(.rodata)
 *(.rodata*)
 .rodata.tabela_display
                0x08003a04       0x20 ./Core/Src/display.o
                0x08003a04                tabela_display
 .rodata.AHBPrescTable
                0x08003a24       0x10 ./Core/Src/system_stm32f4xx.o
                0x08003a24                AHBPrescTable
 .rodata.APBPrescTable
                0x08003a34        0x8 ./Core/Src/system_stm32f4xx.o
                0x08003a34                APBPrescTable
                0x08003a3c                        . = ALIGN (0x4)

.ARM.extab      0x08003a3c        0x0
                0x08003a3c                        . = ALIGN (0x4)
 *(.ARM.extab* .gnu.linkonce.armextab.*)
                0x08003a3c                        . = ALIGN (0x4)

.ARM            0x08003a3c        0x8
                0x08003a3c                        . = ALIGN (0x4)
                0x08003a3c                        __exidx_start = .
 *(.ARM.exidx*)
 .ARM.exidx     0x08003a3c        0x8 C:/ST/STM32CubeIDE_1.15.0/STM32CubeIDE/plugins/com.st.stm32cube.ide.mcu.externaltools.gnu-tools-for-stm32.12.3.rel1.win32_1.0.100.202403111256/tools/bin/../lib/gcc/arm-none-eabi/12.3.1/thumb/v7e-m+fp/hard\libgcc.a(_udivmoddi4.o)
                0x08003a44                        __exidx_end = .
                0x08003a44                        . = ALIGN (0x4)

.preinit_array  0x08003a44        0x0
                0x08003a44                        . = ALIGN (0x4)
                0x08003a44                        PROVIDE (__preinit_array_start = .)
 *(.preinit_array*)
                0x08003a44                        PROVIDE (__preinit_array_end = .)
                0x08003a44                        . = ALIGN (0x4)

.init_array     0x08003a44        0x4
                0x08003a44                        . = ALIGN (0x4)
                0x08003a44                        PROVIDE (__init_array_start = .)
 *(SORT_BY_NAME(.init_array.*))
 *(.init_array*)
 .init_array    0x08003a44        0x4 C:/ST/STM32CubeIDE_1.15.0/STM32CubeIDE/plugins/com.st.stm32cube.ide.mcu.externaltools.gnu-tools-for-stm32.12.3.rel1.win32_1.0.100.202403111256/tools/bin/../lib/gcc/arm-none-eabi/12.3.1/thumb/v7e-m+fp/hard/crtbegin.o
                0x08003a48                        PROVIDE (__init_array_end = .)
                0x08003a48                        . = ALIGN (0x4)

.fini_array     0x08003a48        0x4
                0x08003a48                        . = ALIGN (0x4)
                [!provide]                        PROVIDE (__fini_array_start = .)
 *(SORT_BY_NAME(.fini_array.*))
 *(.fini_array*)
 .fini_array    0x08003a48        0x4 C:/ST/STM32CubeIDE_1.15.0/STM32CubeIDE/plugins/com.st.stm32cube.ide.mcu.externaltools.gnu-tools-for-stm32.12.3.rel1.win32_1.0.100.202403111256/tools/bin/../lib/gcc/arm-none-eabi/12.3.1/thumb/v7e-m+fp/hard/crtbegin.o
                [!provide]                        PROVIDE (__fini_array_end = .)
                0x08003a4c                        . = ALIGN (0x4)
                0x08003a4c                        _sidata = LOADADDR (.data)

.rel.dyn        0x08003a4c        0x0
 .rel.iplt      0x08003a4c        0x0 C:/ST/STM32CubeIDE_1.15.0/STM32CubeIDE/plugins/com.st.stm32cube.ide.mcu.externaltools.gnu-tools-for-stm32.12.3.rel1.win32_1.0.100.202403111256/tools/bin/../lib/gcc/arm-none-eabi/12.3.1/thumb/v7e-m+fp/hard/crtbegin.o

.data           0x20000000       0x30 load address 0x08003a4c
                0x20000000                        . = ALIGN (0x4)
                0x20000000                        _sdata = .
 *(.data)
 *(.data*)
 .data.ultimo_salvo.0
                0x20000000        0x4 ./Core/Src/main.o
 .data.SystemCoreClock
                0x20000004        0x4 ./Core/Src/system_stm32f4xx.o
                0x20000004                SystemCoreClock
 .data.uwTickPrio
                0x20000008        0x4 ./Drivers/STM32F4xx_HAL_Driver/Src/stm32f4xx_hal.o
                0x20000008                uwTickPrio
 .data.uwTickFreq
                0x2000000c        0x1 ./Drivers/STM32F4xx_HAL_Driver/Src/stm32f4xx_hal.o
                0x2000000c                uwTickFreq
 *fill*         0x2000000d        0x3 
 .data.pFlash   0x20000010       0x20 ./Drivers/STM32F4xx_HAL_Driver/Src/stm32f4xx_hal_flash.o
                0x20000010                pFlash
 *(.RamFunc)
 *(.RamFunc*)
                0x20000030                        . = ALIGN (0x4)
                0x20000030                        _edata = .

.igot.plt       0x20000030        0x0 load address 0x08003a7c
 .igot.plt      0x20000030        0x0 C:/ST/STM32CubeIDE_1.15.0/STM32CubeIDE/plugins/com.st.stm32cube.ide.mcu.externaltools.gnu-tools-for-stm32.12.3.rel1.win32_1.0.100.202403111256/tools/bin/../lib/gcc/arm-none-eabi/12.3.1/thumb/v7e-m+fp/hard/crtbegin.o
                0x20000030                        . = ALIGN (0x4)

.bss            0x20000030      0x12c load address 0x08003a7c
                0x20000030                        _sbss = .
                0x20000030                        __bss_start__ = _sbss
 *(.bss)
 .bss           0x20000030       0x1c C:/ST/STM32CubeIDE_1.15.0/STM32CubeIDE/plugins/com.st.stm32cube.ide.mcu.externaltools.gnu-tools-for-stm32.12.3.rel1.win32_1.0.100.202403111256/tools/bin/../lib/gcc/arm-none-eabi/12.3.1/thumb/v7e-m+fp/hard/crtbegin.o
 *(.bss*)
 .bss.display   0x2000004c        0x1 ./Core/Src/display.o
                0x2000004c                display
 .bss.unidade   0x2000004d        0x1 ./Core/Src/display.o
                0x2000004d                unidade
 .bss.dezena    0x2000004e        0x1 ./Core/Src/display.o
                0x2000004e                dezena
 .bss.centena   0x2000004f        0x1 ./Core/Src/display.o
                0x2000004f                centena
 .bss.milhar    0x20000050        0x1 ./Core/Src/display.o
                0x20000050                milhar
 .bss.dezena_milhar
                0x20000051        0x1 ./Core/Src/display.o
                0x20000051                dezena_milhar
 .bss.centena_milhar
                0x20000052        0x1 ./Core/Src/display.o
                0x20000052                centena_milhar
 *fill*         0x20000053        0x1 
 .bss.splash_digits
                0x20000054        0x6 ./Core/Src/display.o
                0x20000054                splash_digits
 *fill*         0x2000005a        0x2 
 .bss.dados     0x2000005c        0x8 ./Core/Src/eeprom.o
                0x2000005c                dados
 .bss.eeprom_buffer
                0x20000064        0x8 ./Core/Src/eeprom.o
 .bss.eeprom_pending
                0x2000006c        0x1 ./Core/Src/eeprom.o
 *fill*         0x2000006d        0x3 
 .bss.eeprom_last_saved
                0x20000070        0x8 ./Core/Src/eeprom.o
 .bss.hi2c1     0x20000078       0x54 ./Core/Src/main.o
                0x20000078                hi2c1
 .bss.hrtc      0x200000cc       0x20 ./Core/Src/main.o
                0x200000cc                hrtc
 .bss.contador_pecas
                0x200000ec        0x4 ./Core/Src/main.o
                0x200000ec                contador_pecas
 .bss.contador_pecas_anterior
                0x200000f0        0x4 ./Core/Src/main.o
                0x200000f0                contador_pecas_anterior
 .bss.setpoint  0x200000f4        0x4 ./Core/Src/main.o
                0x200000f4                setpoint
 .bss.setpoint_boost
                0x200000f8        0x4 ./Core/Src/main.o
                0x200000f8                setpoint_boost
 .bss.setpoint_obrigatorio
                0x200000fc        0x4 ./Core/Src/main.o
                0x200000fc                setpoint_obrigatorio
 .bss.setpoint_obrigatorio_boost
                0x20000100        0x4 ./Core/Src/main.o
                0x20000100                setpoint_obrigatorio_boost
 .bss.modo      0x20000104        0x1 ./Core/Src/main.o
                0x20000104                modo
 .bss.saida_01  0x20000105        0x1 ./Core/Src/main.o
                0x20000105                saida_01
 *fill*         0x20000106        0x2 
 .bss.eeprom_timer
                0x20000108        0x4 ./Core/Src/main.o
                0x20000108                eeprom_timer
 .bss.flagaux_setpoint
                0x2000010c        0x1 ./Core/Src/main.o
                0x2000010c                flagaux_setpoint
 .bss.eeprom_flagaux_salvar
                0x2000010d        0x1 ./Core/Src/main.o
                0x2000010d                eeprom_flagaux_salvar
 .bss.trava.6   0x2000010e        0x1 ./Core/Src/main.o
 *fill*         0x2000010f        0x1 
 .bss.setpoint_guardado.5
                0x20000110        0x4 ./Core/Src/main.o
 .bss.ultimo_valor.4
                0x20000114        0x4 ./Core/Src/main.o
 .bss.tempo_ultima_mudanca.3
                0x20000118        0x4 ./Core/Src/main.o
 .bss.max_press.2
                0x2000011c        0x1 ./Core/Src/main.o
 .bss.min_press.1
                0x2000011d        0x1 ./Core/Src/main.o
 .bss.timer_1ms
                0x2000011e        0x2 ./Core/Src/timer.o
                0x2000011e                timer_1ms
 .bss.timer_3ms
                0x20000120        0x2 ./Core/Src/timer.o
                0x20000120                timer_3ms
 .bss.timer_5ms
                0x20000122        0x2 ./Core/Src/timer.o
                0x20000122                timer_5ms
 .bss.timer_10ms
                0x20000124        0x2 ./Core/Src/timer.o
                0x20000124                timer_10ms
 .bss.timer_50ms
                0x20000126        0x2 ./Core/Src/timer.o
                0x20000126                timer_50ms
 .bss.timer_100ms
                0x20000128        0x2 ./Core/Src/timer.o
                0x20000128                timer_100ms
 .bss.timer_500ms
                0x2000012a        0x2 ./Core/Src/timer.o
                0x2000012a                timer_500ms
 .bss.timer_1000ms
                0x2000012c        0x2 ./Core/Src/timer.o
                0x2000012c                timer_1000ms
 .bss.timer_flag_1ms
                0x2000012e        0x1 ./Core/Src/timer.o
                0x2000012e                timer_flag_1ms
 .bss.timer_flag_3ms
                0x2000012f        0x1 ./Core/Src/timer.o
                0x2000012f                timer_flag_3ms
 .bss.timer_flag_5ms
                0x20000130        0x1 ./Core/Src/timer.o
                0x20000130                timer_flag_5ms
 .bss.timer_flag_10ms
                0x20000131        0x1 ./Core/Src/timer.o
                0x20000131                timer_flag_10ms
 .bss.timer_flag_50ms
                0x20000132        0x1 ./Core/Src/timer.o
                0x20000132                timer_flag_50ms
 .bss.timer_flag_100ms
                0x20000133        0x1 ./Core/Src/timer.o
                0x20000133                timer_flag_100ms
 .bss.timer_flag_500ms
                0x20000134        0x1 ./Core/Src/timer.o
                0x20000134                timer_flag_500ms
 .bss.timer_cnt_1000ms
                0x20000135        0x1 ./Core/Src/timer.o
                0x20000135                timer_cnt_1000ms
 .bss.correcao  0x20000136        0x2 ./Core/Src/timer.o
 .bss.splash_timeout
                0x20000138        0x2 ./Core/Src/timer.o
                0x20000138                splash_timeout
 .bss.btn_max_timeout
                0x2000013a        0x2 ./Core/Src/timer.o
                0x2000013a                btn_max_timeout
 .bss.btn_max_status
                0x2000013c        0x1 ./Core/Src/timer.o
                0x2000013c                btn_max_status
 *fill*         0x2000013d        0x1 
 .bss.btn_max_contador
                0x2000013e        0x2 ./Core/Src/timer.o
                0x2000013e                btn_max_contador
 .bss.btn_max_borda_anterior
                0x20000140        0x1 ./Core/Src/timer.o
                0x20000140                btn_max_borda_anterior
 .bss.btn_max_turbo
                0x20000141        0x1 ./Core/Src/timer.o
                0x20000141                btn_max_turbo
 .bss.btn_min_timeout
                0x20000142        0x2 ./Core/Src/timer.o
                0x20000142                btn_min_timeout
 .bss.btn_min_status
                0x20000144        0x1 ./Core/Src/timer.o
                0x20000144                btn_min_status
 *fill*         0x20000145        0x1 
 .bss.btn_min_contador
                0x20000146        0x2 ./Core/Src/timer.o
                0x20000146                btn_min_contador
 .bss.btn_min_borda_anterior
                0x20000148        0x1 ./Core/Src/timer.o
                0x20000148                btn_min_borda_anterior
 .bss.btn_min_turbo
                0x20000149        0x1 ./Core/Src/timer.o
                0x20000149                btn_min_turbo
 .bss.btn_relogio_status
                0x2000014a        0x1 ./Core/Src/timer.o
                0x2000014a                btn_relogio_status
 .bss.btn_relogio_borda_anterior
                0x2000014b        0x1 ./Core/Src/timer.o
                0x2000014b                btn_relogio_borda_anterior
 .bss.btn_relogio_contador
                0x2000014c        0x2 ./Core/Src/timer.o
                0x2000014c                btn_relogio_contador
 .bss.btn_relogio_hold
                0x2000014e        0x2 ./Core/Src/timer.o
                0x2000014e                btn_relogio_hold
 .bss.btn_relogio_evento
                0x20000150        0x1 ./Core/Src/timer.o
                0x20000150                btn_relogio_evento
 *fill*         0x20000151        0x1 
 .bss.entrada_digital_contador
                0x20000152        0x2 ./Core/Src/timer.o
                0x20000152                entrada_digital_contador
 .bss.entrada_digital_status
                0x20000154        0x1 ./Core/Src/timer.o
                0x20000154                entrada_digital_status
 *fill*         0x20000155        0x3 
 .bss.uwTick    0x20000158        0x4 ./Drivers/STM32F4xx_HAL_Driver/Src/stm32f4xx_hal.o
                0x20000158                uwTick
 *(COMMON)
                0x2000015c                        . = ALIGN (0x4)
                0x2000015c                        _ebss = .
                0x2000015c                        __bss_end__ = _ebss

._user_heap_stack
                0x2000015c      0x604 load address 0x08003a7c
                0x20000160                        . = ALIGN (0x8)
 *fill*         0x2000015c        0x4 
                [!provide]                        PROVIDE (end = .)
                0x20000160                        PROVIDE (_end = .)
                0x20000360                        . = (. + _Min_Heap_Size)
 *fill*         0x20000160      0x200 
                0x20000760                        . = (. + _Min_Stack_Size)
 *fill*         0x20000360      0x400 
                0x20000760                        . = ALIGN (0x8)

/DISCARD/
 libc.a(*)
 libm.a(*)
 libgcc.a(*)

.ARM.attributes
                0x00000000       0x30
 *(.ARM.attributes)
 .ARM.attributes
                0x00000000       0x22 C:/ST/STM32CubeIDE_1.15.0/STM32CubeIDE/plugins/com.st.stm32cube.ide.mcu.externaltools.gnu-tools-for-stm32.12.3.rel1.win32_1.0.100.202403111256/tools/bin/../lib/gcc/arm-none-eabi/12.3.1/thumb/v7e-m+fp/hard/crti.o
 .ARM.attributes
                0x00000022       0x34 C:/ST/STM32CubeIDE_1.15.0/STM32CubeIDE/plugins/com.st.stm32cube.ide.mcu.externaltools.gnu-tools-for-stm32.12.3.rel1.win32_1.0.100.202403111256/tools/bin/../lib/gcc/arm-none-eabi/12.3.1/thumb/v7e-m+fp/hard/crtbegin.o
 .ARM.attributes
                0x00000056       0x34 ./Core/Src/display.o
 .ARM.attributes
                0x0000008a       0x34 ./Core/Src/eeprom.o
 .ARM.attributes
                0x000000be       0x34 ./Core/Src/main.o
 .ARM.attributes
                0x000000f2       0x34 ./Core/Src/stm32f4xx_hal_msp.o
 .ARM.attributes
                0x00000126       0x34 ./Core/Src/stm32f4xx_it.o
 .ARM.attributes
                0x0000015a       0x34 ./Core/Src/system_stm32f4xx.o
 .ARM.attributes
                0x0000018e       0x34 ./Core/Src/timer.o
 .ARM.attributes
                0x000001c2       0x21 ./Core/Startup/startup_stm32f410rbtx.o
 .ARM.attributes
                0x000001e3       0x34 ./Drivers/STM32F4xx_HAL_Driver/Src/stm32f4xx_hal.o
 .ARM.attributes
                0x00000217       0x34 ./Drivers/STM32F4xx_HAL_Driver/Src/stm32f4xx_hal_cortex.o
 .ARM.attributes
                0x0000024b       0x34 ./Drivers/STM32F4xx_HAL_Driver/Src/stm32f4xx_hal_flash.o
 .ARM.attributes
                0x0000027f       0x34 ./Drivers/STM32F4xx_HAL_Driver/Src/stm32f4xx_hal_flash_ex.o
 .ARM.attributes
                0x000002b3       0x34 ./Drivers/STM32F4xx_HAL_Driver/Src/stm32f4xx_hal_gpio.o
 .ARM.attributes
                0x000002e7       0x34 ./Drivers/STM32F4xx_HAL_Driver/Src/stm32f4xx_hal_i2c.o
 .ARM.attributes
                0x0000031b       0x34 ./Drivers/STM32F4xx_HAL_Driver/Src/stm32f4xx_hal_pwr.o
 .ARM.attributes
                0x0000034f       0x34 ./Drivers/STM32F4xx_HAL_Driver/Src/stm32f4xx_hal_rcc.o
 .ARM.attributes
                0x00000383       0x34 ./Drivers/STM32F4xx_HAL_Driver/Src/stm32f4xx_hal_rcc_ex.o
 .ARM.attributes
                0x000003b7       0x34 ./Drivers/STM32F4xx_HAL_Driver/Src/stm32f4xx_hal_rtc.o
 .ARM.attributes
                0x000003eb       0x34 ./Drivers/STM32F4xx_HAL_Driver/Src/stm32f4xx_hal_rtc_ex.o
 .ARM.attributes
                0x0000041f       0x34 C:/ST/STM32CubeIDE_1.15.0/STM32CubeIDE/plugins/com.st.stm32cube.ide.mcu.externaltools.gnu-tools-for-stm32.12.3.rel1.win32_1.0.100.202403111256/tools/bin/../lib/gcc/arm-none-eabi/12.3.1/../../../../arm-none-eabi/lib/thumb/v7e-m+fp/hard\libc_nano.a(libc_a-memcmp.o)
 .ARM.attributes
                0x00000453       0x34 C:/ST/STM32CubeIDE_1.15.0/STM32CubeIDE/plugins/com.st.stm32cube.ide.mcu.externaltools.gnu-tools-for-stm32.12.3.rel1.win32_1.0.100.202403111256/tools/bin/../lib/gcc/arm-none-eabi/12.3.1/../../../../arm-none-eabi/lib/thumb/v7e-m+fp/hard\libc_nano.a(libc_a-memset.o)
 .ARM.attributes
                0x00000487       0x34 C:/ST/STM32CubeIDE_1.15.0/STM32CubeIDE/plugins/com.st.stm32cube.ide.mcu.externaltools.gnu-tools-for-stm32.12.3.rel1.win32_1.0.100.202403111256/tools/bin/../lib/gcc/arm-none-eabi/12.3.1/../../../../arm-none-eabi/lib/thumb/v7e-m+fp/hard\libc_nano.a(libc_a-init.o)
 .ARM.attributes
                0x000004bb       0x22 C:/ST/STM32CubeIDE_1.15.0/STM32CubeIDE/plugins/com.st.stm32cube.ide.mcu.externaltools.gnu-tools-for-stm32.12.3.rel1.win32_1.0.100.202403111256/tools/bin/../lib/gcc/arm-none-eabi/12.3.1/thumb/v7e-m+fp/hard\libgcc.a(_aeabi_uldivmod.o)
 .ARM.attributes
                0x000004dd       0x34 C:/ST/STM32CubeIDE_1.15.0/STM32CubeIDE/plugins/com.st.stm32cube.ide.mcu.externaltools.gnu-tools-for-stm32.12.3.rel1.win32_1.0.100.202403111256/tools/bin/../lib/gcc/arm-none-eabi/12.3.1/thumb/v7e-m+fp/hard\libgcc.a(_udivmoddi4.o)
 .ARM.attributes
                0x00000511       0x22 C:/ST/STM32CubeIDE_1.15.0/STM32CubeIDE/plugins/com.st.stm32cube.ide.mcu.externaltools.gnu-tools-for-stm32.12.3.rel1.win32_1.0.100.202403111256/tools/bin/../lib/gcc/arm-none-eabi/12.3.1/thumb/v7e-m+fp/hard\libgcc.a(_dvmd_tls.o)
 .ARM.attributes
                0x00000533       0x22 C:/ST/STM32CubeIDE_1.15.0/STM32CubeIDE/plugins/com.st.stm32cube.ide.mcu.externaltools.gnu-tools-for-stm32.12.3.rel1.win32_1.0.100.202403111256/tools/bin/../lib/gcc/arm-none-eabi/12.3.1/thumb/v7e-m+fp/hard/crtn.o
OUTPUT(CBS_01-Contador_de_Pecas.elf elf32-littlearm)
LOAD linker stubs
LOAD C:/ST/STM32CubeIDE_1.15.0/STM32CubeIDE/plugins/com.st.stm32cube.ide.mcu.externaltools.gnu-tools-for-stm32.12.3.rel1.win32_1.0.100.202403111256/tools/bin/../lib/gcc/arm-none-eabi/12.3.1/../../../../arm-none-eabi/lib/thumb/v7e-m+fp/hard\libc.a
LOAD C:/ST/STM32CubeIDE_1.15.0/STM32CubeIDE/plugins/com.st.stm32cube.ide.mcu.externaltools.gnu-tools-for-stm32.12.3.rel1.win32_1.0.100.202403111256/tools/bin/../lib/gcc/arm-none-eabi/12.3.1/../../../../arm-none-eabi/lib/thumb/v7e-m+fp/hard\libm.a
LOAD C:/ST/STM32CubeIDE_1.15.0/STM32CubeIDE/plugins/com.st.stm32cube.ide.mcu.externaltools.gnu-tools-for-stm32.12.3.rel1.win32_1.0.100.202403111256/tools/bin/../lib/gcc/arm-none-eabi/12.3.1/thumb/v7e-m+fp/hard\libgcc.a

.debug_info     0x00000000     0xb2ba
 .debug_info    0x00000000      0x357 ./Core/Src/display.o
 .debug_info    0x00000357      0x3a4 ./Core/Src/eeprom.o
 .debug_info    0x000006fb     0x13b9 ./Core/Src/main.o
 .debug_info    0x00001ab4      0xd80 ./Core/Src/stm32f4xx_hal_msp.o
 .debug_info    0x00002834      0x118 ./Core/Src/stm32f4xx_it.o
 .debug_info    0x0000294c      0x4f8 ./Core/Src/system_stm32f4xx.o
 .debug_info    0x00002e44      0x600 ./Core/Src/timer.o
 .debug_info    0x00003444       0x30 ./Core/Startup/startup_stm32f410rbtx.o
 .debug_info    0x00003474      0x872 ./Drivers/STM32F4xx_HAL_Driver/Src/stm32f4xx_hal.o
 .debug_info    0x00003ce6      0xcde ./Drivers/STM32F4xx_HAL_Driver/Src/stm32f4xx_hal_cortex.o
 .debug_info    0x000049c4      0x57d ./Drivers/STM32F4xx_HAL_Driver/Src/stm32f4xx_hal_flash.o
 .debug_info    0x00004f41      0x7db ./Drivers/STM32F4xx_HAL_Driver/Src/stm32f4xx_hal_flash_ex.o
 .debug_info    0x0000571c      0x6c5 ./Drivers/STM32F4xx_HAL_Driver/Src/stm32f4xx_hal_gpio.o
 .debug_info    0x00005de1     0x2426 ./Drivers/STM32F4xx_HAL_Driver/Src/stm32f4xx_hal_i2c.o
 .debug_info    0x00008207      0x6dc ./Drivers/STM32F4xx_HAL_Driver/Src/stm32f4xx_hal_pwr.o
 .debug_info    0x000088e3      0x8bb ./Drivers/STM32F4xx_HAL_Driver/Src/stm32f4xx_hal_rcc.o
 .debug_info    0x0000919e      0x62f ./Drivers/STM32F4xx_HAL_Driver/Src/stm32f4xx_hal_rcc_ex.o
 .debug_info    0x000097cd      0xc28 ./Drivers/STM32F4xx_HAL_Driver/Src/stm32f4xx_hal_rtc.o
 .debug_info    0x0000a3f5      0xec5 ./Drivers/STM32F4xx_HAL_Driver/Src/stm32f4xx_hal_rtc_ex.o

.debug_abbrev   0x00000000     0x2549
 .debug_abbrev  0x00000000      0x1a0 ./Core/Src/display.o
 .debug_abbrev  0x000001a0      0x1c5 ./Core/Src/eeprom.o
 .debug_abbrev  0x00000365      0x38b ./Core/Src/main.o
 .debug_abbrev  0x000006f0      0x1e8 ./Core/Src/stm32f4xx_hal_msp.o
 .debug_abbrev  0x000008d8       0x74 ./Core/Src/stm32f4xx_it.o
 .debug_abbrev  0x0000094c      0x11a ./Core/Src/system_stm32f4xx.o
 .debug_abbrev  0x00000a66      0x17c ./Core/Src/timer.o
 .debug_abbrev  0x00000be2       0x24 ./Core/Startup/startup_stm32f410rbtx.o
 .debug_abbrev  0x00000c06      0x247 ./Drivers/STM32F4xx_HAL_Driver/Src/stm32f4xx_hal.o
 .debug_abbrev  0x00000e4d      0x31d ./Drivers/STM32F4xx_HAL_Driver/Src/stm32f4xx_hal_cortex.o
 .debug_abbrev  0x0000116a      0x28c ./Drivers/STM32F4xx_HAL_Driver/Src/stm32f4xx_hal_flash.o
 .debug_abbrev  0x000013f6      0x26c ./Drivers/STM32F4xx_HAL_Driver/Src/stm32f4xx_hal_flash_ex.o
 .debug_abbrev  0x00001662      0x1d6 ./Drivers/STM32F4xx_HAL_Driver/Src/stm32f4xx_hal_gpio.o
 .debug_abbrev  0x00001838      0x2bc ./Drivers/STM32F4xx_HAL_Driver/Src/stm32f4xx_hal_i2c.o
 .debug_abbrev  0x00001af4      0x1ae ./Drivers/STM32F4xx_HAL_Driver/Src/stm32f4xx_hal_pwr.o
 .debug_abbrev  0x00001ca2      0x2b7 ./Drivers/STM32F4xx_HAL_Driver/Src/stm32f4xx_hal_rcc.o
 .debug_abbrev  0x00001f59      0x1ef ./Drivers/STM32F4xx_HAL_Driver/Src/stm32f4xx_hal_rcc_ex.o
 .debug_abbrev  0x00002148      0x1eb ./Drivers/STM32F4xx_HAL_Driver/Src/stm32f4xx_hal_rtc.o
 .debug_abbrev  0x00002333      0x216 ./Drivers/STM32F4xx_HAL_Driver/Src/stm32f4xx_hal_rtc_ex.o

.debug_aranges  0x00000000      0xc80
 .debug_aranges
                0x00000000       0x38 ./Core/Src/display.o
 .debug_aranges
                0x00000038       0x40 ./Core/Src/eeprom.o
 .debug_aranges
                0x00000078       0x90 ./Core/Src/main.o
 .debug_aranges
                0x00000108       0x40 ./Core/Src/stm32f4xx_hal_msp.o
 .debug_aranges
                0x00000148       0x60 ./Core/Src/stm32f4xx_it.o
 .debug_aranges
                0x000001a8       0x28 ./Core/Src/system_stm32f4xx.o
 .debug_aranges
                0x000001d0       0x70 ./Core/Src/timer.o
 .debug_aranges
                0x00000240       0x28 ./Core/Startup/startup_stm32f410rbtx.o
 .debug_aranges
                0x00000268       0xf0 ./Drivers/STM32F4xx_HAL_Driver/Src/stm32f4xx_hal.o
 .debug_aranges
                0x00000358      0x130 ./Drivers/STM32F4xx_HAL_Driver/Src/stm32f4xx_hal_cortex.o
 .debug_aranges
                0x00000488       0xa0 ./Drivers/STM32F4xx_HAL_Driver/Src/stm32f4xx_hal_flash.o
 .debug_aranges
                0x00000528       0xc8 ./Drivers/STM32F4xx_HAL_Driver/Src/stm32f4xx_hal_flash_ex.o
 .debug_aranges
                0x000005f0       0x58 ./Drivers/STM32F4xx_HAL_Driver/Src/stm32f4xx_hal_gpio.o
 .debug_aranges
                0x00000648      0x2a8 ./Drivers/STM32F4xx_HAL_Driver/Src/stm32f4xx_hal_i2c.o
 .debug_aranges
                0x000008f0       0xa0 ./Drivers/STM32F4xx_HAL_Driver/Src/stm32f4xx_hal_pwr.o
 .debug_aranges
                0x00000990       0x88 ./Drivers/STM32F4xx_HAL_Driver/Src/stm32f4xx_hal_rcc.o
 .debug_aranges
                0x00000a18       0x50 ./Drivers/STM32F4xx_HAL_Driver/Src/stm32f4xx_hal_rcc_ex.o
 .debug_aranges
                0x00000a68       0xe8 ./Drivers/STM32F4xx_HAL_Driver/Src/stm32f4xx_hal_rtc.o
 .debug_aranges
                0x00000b50      0x130 ./Drivers/STM32F4xx_HAL_Driver/Src/stm32f4xx_hal_rtc_ex.o

.debug_rnglists
                0x00000000      0x99e
 .debug_rnglists
                0x00000000       0x29 ./Core/Src/display.o
 .debug_rnglists
                0x00000029       0x44 ./Core/Src/eeprom.o
 .debug_rnglists
                0x0000006d       0x6f ./Core/Src/main.o
 .debug_rnglists
                0x000000dc       0x2c ./Core/Src/stm32f4xx_hal_msp.o
 .debug_rnglists
                0x00000108       0x43 ./Core/Src/stm32f4xx_it.o
 .debug_rnglists
                0x0000014b       0x1a ./Core/Src/system_stm32f4xx.o
 .debug_rnglists
                0x00000165       0x51 ./Core/Src/timer.o
 .debug_rnglists
                0x000001b6       0x19 ./Core/Startup/startup_stm32f410rbtx.o
 .debug_rnglists
                0x000001cf       0xaf ./Drivers/STM32F4xx_HAL_Driver/Src/stm32f4xx_hal.o
 .debug_rnglists
                0x0000027e       0xe0 ./Drivers/STM32F4xx_HAL_Driver/Src/stm32f4xx_hal_cortex.o
 .debug_rnglists
                0x0000035e       0x78 ./Drivers/STM32F4xx_HAL_Driver/Src/stm32f4xx_hal_flash.o
 .debug_rnglists
                0x000003d6       0x96 ./Drivers/STM32F4xx_HAL_Driver/Src/stm32f4xx_hal_flash_ex.o
 .debug_rnglists
                0x0000046c       0x3f ./Drivers/STM32F4xx_HAL_Driver/Src/stm32f4xx_hal_gpio.o
 .debug_rnglists
                0x000004ab      0x23c ./Drivers/STM32F4xx_HAL_Driver/Src/stm32f4xx_hal_i2c.o
 .debug_rnglists
                0x000006e7       0x74 ./Drivers/STM32F4xx_HAL_Driver/Src/stm32f4xx_hal_pwr.o
 .debug_rnglists
                0x0000075b       0x66 ./Drivers/STM32F4xx_HAL_Driver/Src/stm32f4xx_hal_rcc.o
 .debug_rnglists
                0x000007c1       0x3c ./Drivers/STM32F4xx_HAL_Driver/Src/stm32f4xx_hal_rcc_ex.o
 .debug_rnglists
                0x000007fd       0xb4 ./Drivers/STM32F4xx_HAL_Driver/Src/stm32f4xx_hal_rtc.o
 .debug_rnglists
                0x000008b1       0xed ./Drivers/STM32F4xx_HAL_Driver/Src/stm32f4xx_hal_rtc_ex.o

.debug_macro    0x00000000     0x3027
 .debug_macro   0x00000000      0x211 ./Core/Src/display.o
 .debug_macro   0x00000211       0x22 ./Core/Src/display.o
 .debug_macro   0x00000233      0x106 ./Core/Src/display.o
 .debug_macro   0x00000339      0x154 ./Core/Src/display.o
 .debug_macro   0x0000048d      0x2e4 ./Core/Src/eeprom.o
 .debug_macro   0x00000771      0x100 ./Core/Src/eeprom.o
 .debug_macro   0x00000871       0x61 ./Core/Src/eeprom.o
 .debug_macro   0x000008d2       0x2a ./Core/Src/eeprom.o
 .debug_macro   0x000008fc       0x43 ./Core/Src/eeprom.o
 .debug_macro   0x0000093f       0x34 ./Core/Src/eeprom.o
 .debug_macro   0x00000973       0x16 ./Core/Src/eeprom.o
 .debug_macro   0x00000989       0x43 ./Core/Src/eeprom.o
 .debug_macro   0x000009cc       0x34 ./Core/Src/eeprom.o
 .debug_macro   0x00000a00       0x10 ./Core/Src/eeprom.o
 .debug_macro   0x00000a10       0x58 ./Core/Src/eeprom.o
 .debug_macro   0x00000a68       0x8e ./Core/Src/eeprom.o
 .debug_macro   0x00000af6       0x1c ./Core/Src/eeprom.o
 .debug_macro   0x00000b12      0x177 ./Core/Src/eeprom.o
 .debug_macro   0x00000c89      0x369 ./Core/Src/eeprom.o
 .debug_macro   0x00000ff2       0x10 ./Core/Src/eeprom.o
 .debug_macro   0x00001002       0x35 ./Core/Src/eeprom.o
 .debug_macro   0x00001037       0x20 ./Core/Src/eeprom.o
 .debug_macro   0x00001057      0x22b ./Core/Src/main.o
 .debug_macro   0x00001282      0x1f1 ./Core/Src/stm32f4xx_hal_msp.o
 .debug_macro   0x00001473      0x20e ./Core/Src/stm32f4xx_it.o
 .debug_macro   0x00001681      0x1e2 ./Core/Src/system_stm32f4xx.o
 .debug_macro   0x00001863      0x211 ./Core/Src/timer.o
 .debug_macro   0x00001a74      0x242 ./Drivers/STM32F4xx_HAL_Driver/Src/stm32f4xx_hal.o
 .debug_macro   0x00001cb6      0x1e2 ./Drivers/STM32F4xx_HAL_Driver/Src/stm32f4xx_hal_cortex.o
 .debug_macro   0x00001e98      0x1e8 ./Drivers/STM32F4xx_HAL_Driver/Src/stm32f4xx_hal_flash.o
 .debug_macro   0x00002080      0x1e8 ./Drivers/STM32F4xx_HAL_Driver/Src/stm32f4xx_hal_flash_ex.o
 .debug_macro   0x00002268      0x1e8 ./Drivers/STM32F4xx_HAL_Driver/Src/stm32f4xx_hal_gpio.o
 .debug_macro   0x00002450      0x230 ./Drivers/STM32F4xx_HAL_Driver/Src/stm32f4xx_hal_i2c.o
 .debug_macro   0x00002680      0x1fa ./Drivers/STM32F4xx_HAL_Driver/Src/stm32f4xx_hal_pwr.o
 .debug_macro   0x0000287a      0x206 ./Drivers/STM32F4xx_HAL_Driver/Src/stm32f4xx_hal_rcc.o
 .debug_macro   0x00002a80      0x1e2 ./Drivers/STM32F4xx_HAL_Driver/Src/stm32f4xx_hal_rcc_ex.o
 .debug_macro   0x00002c62      0x1e3 ./Drivers/STM32F4xx_HAL_Driver/Src/stm32f4xx_hal_rtc.o
 .debug_macro   0x00002e45      0x1e2 ./Drivers/STM32F4xx_HAL_Driver/Src/stm32f4xx_hal_rtc_ex.o

.debug_line     0x00000000    0x102f5
 .debug_line    0x00000000      0x89f ./Core/Src/display.o
 .debug_line    0x0000089f      0x9d1 ./Core/Src/eeprom.o
 .debug_line    0x00001270      0xde5 ./Core/Src/main.o
 .debug_line    0x00002055      0x801 ./Core/Src/stm32f4xx_hal_msp.o
 .debug_line    0x00002856      0x843 ./Core/Src/stm32f4xx_it.o
 .debug_line    0x00003099      0x7dd ./Core/Src/system_stm32f4xx.o
 .debug_line    0x00003876      0x95e ./Core/Src/timer.o
 .debug_line    0x000041d4       0x7a ./Core/Startup/startup_stm32f410rbtx.o
 .debug_line    0x0000424e      0xa53 ./Drivers/STM32F4xx_HAL_Driver/Src/stm32f4xx_hal.o
 .debug_line    0x00004ca1      0xd47 ./Drivers/STM32F4xx_HAL_Driver/Src/stm32f4xx_hal_cortex.o
 .debug_line    0x000059e8      0xb13 ./Drivers/STM32F4xx_HAL_Driver/Src/stm32f4xx_hal_flash.o
 .debug_line    0x000064fb      0xc02 ./Drivers/STM32F4xx_HAL_Driver/Src/stm32f4xx_hal_flash_ex.o
 .debug_line    0x000070fd      0xb7d ./Drivers/STM32F4xx_HAL_Driver/Src/stm32f4xx_hal_gpio.o
 .debug_line    0x00007c7a     0x3b96 ./Drivers/STM32F4xx_HAL_Driver/Src/stm32f4xx_hal_i2c.o
 .debug_line    0x0000b810      0x967 ./Drivers/STM32F4xx_HAL_Driver/Src/stm32f4xx_hal_pwr.o
 .debug_line    0x0000c177      0xdec ./Drivers/STM32F4xx_HAL_Driver/Src/stm32f4xx_hal_rcc.o
 .debug_line    0x0000cf63      0xd6c ./Drivers/STM32F4xx_HAL_Driver/Src/stm32f4xx_hal_rcc_ex.o
 .debug_line    0x0000dccf     0x112d ./Drivers/STM32F4xx_HAL_Driver/Src/stm32f4xx_hal_rtc.o
 .debug_line    0x0000edfc     0x14f9 ./Drivers/STM32F4xx_HAL_Driver/Src/stm32f4xx_hal_rtc_ex.o

.debug_str      0x00000000    0x7e460
 .debug_str     0x00000000    0x772cf ./Core/Src/display.o
                              0x775c9 (size before relaxing)
 .debug_str     0x000772cf     0x3375 ./Core/Src/eeprom.o
                              0x7a095 (size before relaxing)
 .debug_str     0x0007a644      0xc51 ./Core/Src/main.o
                              0x782c6 (size before relaxing)
 .debug_str     0x0007b295      0x141 ./Core/Src/stm32f4xx_hal_msp.o
                              0x7763e (size before relaxing)
 .debug_str     0x0007b3d6       0xd1 ./Core/Src/stm32f4xx_it.o
                              0x76da1 (size before relaxing)
 .debug_str     0x0007b4a7       0xdb ./Core/Src/system_stm32f4xx.o
                              0x7684c (size before relaxing)
 .debug_str     0x0007b582      0x203 ./Core/Src/timer.o
                              0x77817 (size before relaxing)
 .debug_str     0x0007b785       0x9a ./Core/Startup/startup_stm32f410rbtx.o
 .debug_str     0x0007b81f      0x966 ./Drivers/STM32F4xx_HAL_Driver/Src/stm32f4xx_hal.o
                              0x77242 (size before relaxing)
 .debug_str     0x0007c185      0x383 ./Drivers/STM32F4xx_HAL_Driver/Src/stm32f4xx_hal_cortex.o
                              0x76fdb (size before relaxing)
 .debug_str     0x0007c508      0x291 ./Drivers/STM32F4xx_HAL_Driver/Src/stm32f4xx_hal_flash.o
                              0x76a59 (size before relaxing)
 .debug_str     0x0007c799      0x2b3 ./Drivers/STM32F4xx_HAL_Driver/Src/stm32f4xx_hal_flash_ex.o
                              0x76b7c (size before relaxing)
 .debug_str     0x0007ca4c      0x110 ./Drivers/STM32F4xx_HAL_Driver/Src/stm32f4xx_hal_gpio.o
                              0x769cd (size before relaxing)
 .debug_str     0x0007cb5c      0xb62 ./Drivers/STM32F4xx_HAL_Driver/Src/stm32f4xx_hal_i2c.o
                              0x7788c (size before relaxing)
 .debug_str     0x0007d6be      0x24f ./Drivers/STM32F4xx_HAL_Driver/Src/stm32f4xx_hal_pwr.o
                              0x76a82 (size before relaxing)
 .debug_str     0x0007d90d      0x208 ./Drivers/STM32F4xx_HAL_Driver/Src/stm32f4xx_hal_rcc.o
                              0x76c85 (size before relaxing)
 .debug_str     0x0007db15       0xd7 ./Drivers/STM32F4xx_HAL_Driver/Src/stm32f4xx_hal_rcc_ex.o
                              0x76a98 (size before relaxing)
 .debug_str     0x0007dbec      0x33e ./Drivers/STM32F4xx_HAL_Driver/Src/stm32f4xx_hal_rtc.o
                              0x76cd8 (size before relaxing)
 .debug_str     0x0007df2a      0x536 ./Drivers/STM32F4xx_HAL_Driver/Src/stm32f4xx_hal_rtc_ex.o
                              0x76faf (size before relaxing)

.comment        0x00000000       0x43
 .comment       0x00000000       0x43 ./Core/Src/display.o
                                 0x44 (size before relaxing)
 .comment       0x00000043       0x44 ./Core/Src/eeprom.o
 .comment       0x00000043       0x44 ./Core/Src/main.o
 .comment       0x00000043       0x44 ./Core/Src/stm32f4xx_hal_msp.o
 .comment       0x00000043       0x44 ./Core/Src/stm32f4xx_it.o
 .comment       0x00000043       0x44 ./Core/Src/system_stm32f4xx.o
 .comment       0x00000043       0x44 ./Core/Src/timer.o
 .comment       0x00000043       0x44 ./Drivers/STM32F4xx_HAL_Driver/Src/stm32f4xx_hal.o
 .comment       0x00000043       0x44 ./Drivers/STM32F4xx_HAL_Driver/Src/stm32f4xx_hal_cortex.o
 .comment       0x00000043       0x44 ./Drivers/STM32F4xx_HAL_Driver/Src/stm32f4xx_hal_flash.o
 .comment       0x00000043       0x44 ./Drivers/STM32F4xx_HAL_Driver/Src/stm32f4xx_hal_flash_ex.o
 .comment       0x00000043       0x44 ./Drivers/STM32F4xx_HAL_Driver/Src/stm32f4xx_hal_gpio.o
 .comment       0x00000043       0x44 ./Drivers/STM32F4xx_HAL_Driver/Src/stm32f4xx_hal_i2c.o
 .comment       0x00000043       0x44 ./Drivers/STM32F4xx_HAL_Driver/Src/stm32f4xx_hal_pwr.o
 .comment       0x00000043       0x44 ./Drivers/STM32F4xx_HAL_Driver/Src/stm32f4xx_hal_rcc.o
 .comment       0x00000043       0x44 ./Drivers/STM32F4xx_HAL_Driver/Src/stm32f4xx_hal_rcc_ex.o
 .comment       0x00000043       0x44 ./Drivers/STM32F4xx_HAL_Driver/Src/stm32f4xx_hal_rtc.o
 .comment       0x00000043       0x44 ./Drivers/STM32F4xx_HAL_Driver/Src/stm32f4xx_hal_rtc_ex.o

.debug_frame    0x00000000     0x3258
 .debug_frame   0x00000000       0xa4 ./Core/Src/display.o
 .debug_frame   0x000000a4       0xcc ./Core/Src/eeprom.o
 .debug_frame   0x00000170      0x1e8 ./Core/Src/main.o
 .debug_frame   0x00000358       0xcc ./Core/Src/stm32f4xx_hal_msp.o
 .debug_frame   0x00000424      0x104 ./Core/Src/stm32f4xx_it.o
 .debug_frame   0x00000528       0x58 ./Core/Src/system_stm32f4xx.o
 .debug_frame   0x00000580      0x15c ./Core/Src/timer.o
 .debug_frame   0x000006dc      0x374 ./Drivers/STM32F4xx_HAL_Driver/Src/stm32f4xx_hal.o
 .debug_frame   0x00000a50      0x508 ./Drivers/STM32F4xx_HAL_Driver/Src/stm32f4xx_hal_cortex.o
 .debug_frame   0x00000f58      0x274 ./Drivers/STM32F4xx_HAL_Driver/Src/stm32f4xx_hal_flash.o
 .debug_frame   0x000011cc      0x334 ./Drivers/STM32F4xx_HAL_Driver/Src/stm32f4xx_hal_flash_ex.o
 .debug_frame   0x00001500      0x14c ./Drivers/STM32F4xx_HAL_Driver/Src/stm32f4xx_hal_gpio.o
 .debug_frame   0x0000164c      0xc84 ./Drivers/STM32F4xx_HAL_Driver/Src/stm32f4xx_hal_i2c.o
 .debug_frame   0x000022d0      0x264 ./Drivers/STM32F4xx_HAL_Driver/Src/stm32f4xx_hal_pwr.o
 .debug_frame   0x00002534      0x1f4 ./Drivers/STM32F4xx_HAL_Driver/Src/stm32f4xx_hal_rcc.o
 .debug_frame   0x00002728      0x120 ./Drivers/STM32F4xx_HAL_Driver/Src/stm32f4xx_hal_rcc_ex.o
 .debug_frame   0x00002848      0x3f4 ./Drivers/STM32F4xx_HAL_Driver/Src/stm32f4xx_hal_rtc.o
 .debug_frame   0x00002c3c      0x548 ./Drivers/STM32F4xx_HAL_Driver/Src/stm32f4xx_hal_rtc_ex.o
 .debug_frame   0x00003184       0x28 C:/ST/STM32CubeIDE_1.15.0/STM32CubeIDE/plugins/com.st.stm32cube.ide.mcu.externaltools.gnu-tools-for-stm32.12.3.rel1.win32_1.0.100.202403111256/tools/bin/../lib/gcc/arm-none-eabi/12.3.1/../../../../arm-none-eabi/lib/thumb/v7e-m+fp/hard\libc_nano.a(libc_a-memcmp.o)
 .debug_frame   0x000031ac       0x20 C:/ST/STM32CubeIDE_1.15.0/STM32CubeIDE/plugins/com.st.stm32cube.ide.mcu.externaltools.gnu-tools-for-stm32.12.3.rel1.win32_1.0.100.202403111256/tools/bin/../lib/gcc/arm-none-eabi/12.3.1/../../../../arm-none-eabi/lib/thumb/v7e-m+fp/hard\libc_nano.a(libc_a-memset.o)
 .debug_frame   0x000031cc       0x2c C:/ST/STM32CubeIDE_1.15.0/STM32CubeIDE/plugins/com.st.stm32cube.ide.mcu.externaltools.gnu-tools-for-stm32.12.3.rel1.win32_1.0.100.202403111256/tools/bin/../lib/gcc/arm-none-eabi/12.3.1/../../../../arm-none-eabi/lib/thumb/v7e-m+fp/hard\libc_nano.a(libc_a-init.o)
 .debug_frame   0x000031f8       0x2c C:/ST/STM32CubeIDE_1.15.0/STM32CubeIDE/plugins/com.st.stm32cube.ide.mcu.externaltools.gnu-tools-for-stm32.12.3.rel1.win32_1.0.100.202403111256/tools/bin/../lib/gcc/arm-none-eabi/12.3.1/thumb/v7e-m+fp/hard\libgcc.a(_aeabi_uldivmod.o)
 .debug_frame   0x00003224       0x34 C:/ST/STM32CubeIDE_1.15.0/STM32CubeIDE/plugins/com.st.stm32cube.ide.mcu.externaltools.gnu-tools-for-stm32.12.3.rel1.win32_1.0.100.202403111256/tools/bin/../lib/gcc/arm-none-eabi/12.3.1/thumb/v7e-m+fp/hard\libgcc.a(_udivmoddi4.o)

.debug_line_str
                0x00000000       0x7e
 .debug_line_str
                0x00000000       0x7e ./Core/Startup/startup_stm32f410rbtx.o
