../Core/Src/main.c:85:5:main	8	static
../Core/Src/main.c:132:6:SystemClock_Config	88	static
../Core/Src/main.c:174:13:MX_I2C1_Init	8	static
../Core/Src/main.c:208:13:MX_GPIO_Init	40	static
../Core/Src/main.c:269:6:modo_operacao	8	static
../Core/Src/main.c:298:6:contagem	8	static
../Core/Src/main.c:317:6:modo_setpoint	16	static
../Core/Src/main.c:342:6:modo_setpoint_obrigatorio	16	static
../Core/Src/main.c:367:6:btn_relogio_processado	4	static
../Core/Src/main.c:397:6:btn_max_processado	4	static
../Core/Src/main.c:404:6:btn_min_processado	4	static
../Core/Src/main.c:418:6:Error_Handler	4	static,ignoring_inline_asm
