../Core/Src/main.c:96:5:main	32	static
../Core/Src/main.c:147:6:SystemClock_Config	88	static
../Core/Src/main.c:196:13:MX_I2C1_Init	8	static
../Core/Src/main.c:230:13:MX_RTC_Init	8	static
../Core/Src/main.c:265:13:MX_GPIO_Init	40	static
../Core/Src/main.c:327:6:splash_screen	16	static
../Core/Src/main.c:338:6:modo_operacao	8	static
../Core/Src/main.c:380:6:contagem	8	static
../Core/Src/main.c:401:6:modo_setpoint	8	static
../Core/Src/main.c:415:6:modo_setpoint_obrigatorio	8	static
../Core/Src/main.c:424:6:btn_relogio_processado	4	static
../Core/Src/main.c:458:6:le_botoes	4	static
../Core/Src/main.c:651:6:salva_configs	8	static
../Core/Src/main.c:659:6:carrega_config	8	static
../Core/Src/main.c:673:6:Error_Handler	4	static,ignoring_inline_asm
