../Core/Src/timer.c:67:6:mainIsr	8	static
../Core/Src/timer.c:118:6:tmr_1ms	8	static
../Core/Src/timer.c:123:6:tmr_3ms	8	static
../Core/Src/timer.c:129:6:tmr_5ms	4	static
../Core/Src/timer.c:130:6:tmr_10ms	4	static
../Core/Src/timer.c:136:6:tmr_50ms	4	static
../Core/Src/timer.c:143:6:tmr_100ms	4	static
../Core/Src/timer.c:144:6:tmr_500ms	4	static
../Core/Src/timer.c:145:6:tmr_1000ms	4	static
../Core/Src/timer.c:147:6:debounce_btns	8	static
../Core/Src/timer.c:179:6:debounce_entradas_digitais	8	static
