../Core/Src/timer.c:71:6:mainIsr	8	static
../Core/Src/timer.c:122:6:tmr_1ms	8	static
../Core/Src/timer.c:127:6:tmr_3ms	8	static
../Core/Src/timer.c:133:6:tmr_5ms	4	static
../Core/Src/timer.c:134:6:tmr_10ms	4	static
../Core/Src/timer.c:140:6:tmr_50ms	4	static
../Core/Src/timer.c:147:6:tmr_100ms	4	static
../Core/Src/timer.c:148:6:tmr_500ms	4	static
../Core/Src/timer.c:149:6:tmr_1000ms	8	static
../Core/Src/timer.c:154:6:debounce_btns	8	static
../Core/Src/timer.c:186:6:debounce_entradas_digitais	8	static
